Component: ARM Compiler 5.06 update 7 (build 960) Tool: armlink [4d3601]

==============================================================================

Section Cross References

    startup_stm32f103xb.o(RESET) refers to startup_stm32f103xb.o(STACK) for __initial_sp
    startup_stm32f103xb.o(RESET) refers to startup_stm32f103xb.o(.text) for Reset_Handler
    startup_stm32f103xb.o(RESET) refers to stm32f1xx_it.o(i.NMI_Handler) for NMI_Handler
    startup_stm32f103xb.o(RESET) refers to stm32f1xx_it.o(i.HardFault_Handler) for HardFault_Handler
    startup_stm32f103xb.o(RESET) refers to stm32f1xx_it.o(i.MemManage_Handler) for MemManage_Handler
    startup_stm32f103xb.o(RESET) refers to stm32f1xx_it.o(i.BusFault_Handler) for BusFault_Handler
    startup_stm32f103xb.o(RESET) refers to stm32f1xx_it.o(i.UsageFault_Handler) for UsageFault_Handler
    startup_stm32f103xb.o(RESET) refers to stm32f1xx_it.o(i.SVC_Handler) for SVC_Handler
    startup_stm32f103xb.o(RESET) refers to stm32f1xx_it.o(i.DebugMon_Handler) for DebugMon_Handler
    startup_stm32f103xb.o(RESET) refers to stm32f1xx_it.o(i.PendSV_Handler) for PendSV_Handler
    startup_stm32f103xb.o(RESET) refers to stm32f1xx_it.o(i.SysTick_Handler) for SysTick_Handler
    startup_stm32f103xb.o(RESET) refers to stm32f1xx_it.o(i.EXTI2_IRQHandler) for EXTI2_IRQHandler
    startup_stm32f103xb.o(RESET) refers to stm32f1xx_it.o(i.USART1_IRQHandler) for USART1_IRQHandler
    startup_stm32f103xb.o(.text) refers to system_stm32f1xx.o(i.SystemInit) for SystemInit
    startup_stm32f103xb.o(.text) refers to entry.o(.ARM.Collect$$$$00000000) for __main
    main.o(i.SHT30_Dat_To_Float) refers to main.o(i.CheckCrc8) for CheckCrc8
    main.o(i.SHT30_Dat_To_Float) refers to ffltui.o(.text) for __aeabi_ui2f
    main.o(i.SHT30_Dat_To_Float) refers to fdiv.o(.text) for __aeabi_fdiv
    main.o(i.SHT30_Dat_To_Float) refers to fmul.o(.text) for __aeabi_fmul
    main.o(i.SHT30_Dat_To_Float) refers to fadd.o(.text) for __aeabi_fadd
    main.o(i.SHT30_Init) refers to main.o(i.SHT30_Send_Cmd) for SHT30_Send_Cmd
    main.o(i.SHT30_Read_Dat) refers to main.o(i.SHT30_Send_Cmd) for SHT30_Send_Cmd
    main.o(i.SHT30_Read_Dat) refers to stm32f1xx_hal_i2c.o(i.HAL_I2C_Master_Receive) for HAL_I2C_Master_Receive
    main.o(i.SHT30_Read_Dat) refers to i2c.o(.bss) for hi2c1
    main.o(i.SHT30_Reset) refers to main.o(i.SHT30_Send_Cmd) for SHT30_Send_Cmd
    main.o(i.SHT30_Reset) refers to stm32f1xx_hal.o(i.HAL_Delay) for HAL_Delay
    main.o(i.SHT30_Send_Cmd) refers to stm32f1xx_hal_i2c.o(i.HAL_I2C_Master_Transmit) for HAL_I2C_Master_Transmit
    main.o(i.SHT30_Send_Cmd) refers to i2c.o(.bss) for hi2c1
    main.o(i.SystemClock_Config) refers to memseta.o(.text) for __aeabi_memclr4
    main.o(i.SystemClock_Config) refers to stm32f1xx_hal_rcc.o(i.HAL_RCC_OscConfig) for HAL_RCC_OscConfig
    main.o(i.SystemClock_Config) refers to stm32f1xx_hal_rcc.o(i.HAL_RCC_ClockConfig) for HAL_RCC_ClockConfig
    main.o(i.main) refers to stm32f1xx_hal.o(i.HAL_Init) for HAL_Init
    main.o(i.main) refers to main.o(i.SystemClock_Config) for SystemClock_Config
    main.o(i.main) refers to gpio.o(i.MX_GPIO_Init) for MX_GPIO_Init
    main.o(i.main) refers to i2c.o(i.MX_I2C1_Init) for MX_I2C1_Init
    main.o(i.main) refers to i2c.o(i.MX_I2C2_Init) for MX_I2C2_Init
    main.o(i.main) refers to usart.o(i.MX_USART1_UART_Init) for MX_USART1_UART_Init
    main.o(i.main) refers to mcu_api.o(i.wifi_protocol_init) for wifi_protocol_init
    main.o(i.main) refers to main.o(i.SHT30_Reset) for SHT30_Reset
    main.o(i.main) refers to main.o(i.SHT30_Send_Cmd) for SHT30_Send_Cmd
    main.o(i.main) refers to oled.o(i.OLED_Init) for OLED_Init
    main.o(i.main) refers to oled.o(i.OLED_Clear) for OLED_Clear
    main.o(i.main) refers to oled.o(i.OLED_ShowCHineseWord) for OLED_ShowCHineseWord
    main.o(i.main) refers to oled.o(i.OLED_ShowString) for OLED_ShowString
    main.o(i.main) refers to mcu_api.o(i.wifi_uart_service) for wifi_uart_service
    main.o(i.main) refers to mcu_api.o(i.mcu_get_wifi_work_state) for mcu_get_wifi_work_state
    main.o(i.main) refers to stm32f1xx_hal_gpio.o(i.HAL_GPIO_TogglePin) for HAL_GPIO_TogglePin
    main.o(i.main) refers to stm32f1xx_hal.o(i.HAL_Delay) for HAL_Delay
    main.o(i.main) refers to stm32f1xx_hal_gpio.o(i.HAL_GPIO_WritePin) for HAL_GPIO_WritePin
    main.o(i.main) refers to main.o(i.SHT30_Read_Dat) for SHT30_Read_Dat
    main.o(i.main) refers to main.o(i.SHT30_Dat_To_Float) for SHT30_Dat_To_Float
    main.o(i.main) refers to ffixui.o(.text) for __aeabi_f2uiz
    main.o(i.main) refers to oled.o(i.OLED_ShowNum) for OLED_ShowNum
    main.o(i.main) refers to fmul.o(.text) for __aeabi_fmul
    main.o(i.main) refers to mcu_api.o(i.mcu_dp_value_update) for mcu_dp_value_update
    main.o(i.main) refers to usart.o(.bss) for huart1
    gpio.o(i.HAL_GPIO_EXTI_Callback) refers to stm32f1xx_hal.o(i.HAL_Delay) for HAL_Delay
[...]
    protocol.o(i.dp_download_handle) refers to mcu_api.o(i.mcu_get_dp_download_value) for mcu_get_dp_download_value
    protocol.o(i.dp_download_handle) refers to mcu_api.o(i.mcu_dp_value_update) for mcu_dp_value_update
    protocol.o(i.dp_download_handle) refers to mcu_api.o(i.mcu_get_dp_download_enum) for mcu_get_dp_download_enum
    protocol.o(i.dp_download_handle) refers to mcu_api.o(i.mcu_dp_enum_update) for mcu_dp_enum_update
    protocol.o(i.dp_download_handle) refers to mcu_api.o(i.mcu_get_dp_download_bool) for mcu_get_dp_download_bool
    protocol.o(i.dp_download_handle) refers to mcu_api.o(i.mcu_dp_bool_update) for mcu_dp_bool_update
    protocol.o(i.uart_transmit_output) refers to main.o(i.UART1_SendByte) for UART1_SendByte
    system.o(i.data_handle) refers to system.o(i.set_wifi_uart_byte) for set_wifi_uart_byte
    system.o(i.data_handle) refers to system.o(i.product_info_update) for product_info_update
    system.o(i.data_handle) refers to system.o(i.wifi_uart_write_frame) for wifi_uart_write_frame
    system.o(i.data_handle) refers to protocol.o(i.get_download_cmd_total) for get_download_cmd_total
    system.o(i.data_handle) refers to protocol.o(i.dp_download_handle) for dp_download_handle
    system.o(i.data_handle) refers to protocol.o(i.all_data_update) for all_data_update
    system.o(i.data_handle) refers to protocol.o(i.wifi_test_result) for wifi_test_result
    system.o(i.data_handle) refers to system.o(.bss) for .bss
    system.o(i.data_handle) refers to system.o(.data) for .data
    system.o(i.data_handle) refers to protocol.o(.constdata) for download_cmd
    system.o(i.product_info_update) refers to mcu_api.o(i.my_strlen) for my_strlen
    system.o(i.product_info_update) refers to system.o(i.set_wifi_uart_buffer) for set_wifi_uart_buffer
    system.o(i.product_info_update) refers to system.o(i.wifi_uart_write_frame) for wifi_uart_write_frame
    system.o(i.set_wifi_uart_buffer) refers to mcu_api.o(i.my_memcpy) for my_memcpy
    system.o(i.set_wifi_uart_buffer) refers to system.o(.bss) for .bss
    system.o(i.set_wifi_uart_byte) refers to system.o(.bss) for .bss
    system.o(i.take_byte_rxbuff) refers to system.o(.data) for .data
    system.o(i.take_byte_rxbuff) refers to system.o(.bss) for .bss
    system.o(i.wifi_uart_write_frame) refers to system.o(i.get_check_sum) for get_check_sum
    system.o(i.wifi_uart_write_frame) refers to protocol.o(i.uart_transmit_output) for uart_transmit_output
    system.o(i.wifi_uart_write_frame) refers to system.o(.bss) for .bss
    system.o(i.with_data_rxbuff) refers to system.o(.data) for .data
    entry.o(.ARM.Collect$$$$00000000) refers (Special) to entry10a.o(.ARM.Collect$$$$0000000F) for __rt_final_cpp
    entry.o(.ARM.Collect$$$$00000000) refers (Special) to entry11a.o(.ARM.Collect$$$$00000011) for __rt_final_exit
    entry.o(.ARM.Collect$$$$00000000) refers (Special) to entry12b.o(.ARM.Collect$$$$0000000E) for __rt_lib_shutdown_fini
    entry.o(.ARM.Collect$$$$00000000) refers (Special) to entry7b.o(.ARM.Collect$$$$00000008) for _main_clock
    entry.o(.ARM.Collect$$$$00000000) refers (Special) to entry8b.o(.ARM.Collect$$$$0000000A) for _main_cpp_init
    entry.o(.ARM.Collect$$$$00000000) refers (Special) to entry9a.o(.ARM.Collect$$$$0000000B) for _main_init
    entry.o(.ARM.Collect$$$$00000000) refers (Special) to entry5.o(.ARM.Collect$$$$00000004) for _main_scatterload
    entry.o(.ARM.Collect$$$$00000000) refers (Special) to entry2.o(.ARM.Collect$$$$00000001) for _main_stk
    fadd.o(.text) refers (Special) to iusefp.o(.text) for __I$use$fp
    fadd.o(.text) refers to fepilogue.o(.text) for _float_epilogue
    fmul.o(.text) refers (Special) to iusefp.o(.text) for __I$use$fp
    fdiv.o(.text) refers (Special) to iusefp.o(.text) for __I$use$fp
    fdiv.o(.text) refers to fepilogue.o(.text) for _float_round
    ffltui.o(.text) refers (Special) to iusefp.o(.text) for __I$use$fp
    ffltui.o(.text) refers to fepilogue.o(.text) for _float_epilogue
    ffixui.o(.text) refers (Special) to iusefp.o(.text) for __I$use$fp
    entry2.o(.ARM.Collect$$$$00000001) refers to entry2.o(.ARM.Collect$$$$00002712) for __lit__00000000
    entry2.o(.ARM.Collect$$$$00002712) refers to startup_stm32f103xb.o(STACK) for __initial_sp
    entry2.o(__vectab_stack_and_reset_area) refers to startup_stm32f103xb.o(STACK) for __initial_sp
    entry2.o(__vectab_stack_and_reset_area) refers to entry.o(.ARM.Collect$$$$00000000) for __main
    entry5.o(.ARM.Collect$$$$00000004) refers to init.o(.text) for __scatterload
    entry9a.o(.ARM.Collect$$$$0000000B) refers to main.o(i.main) for main
    entry9b.o(.ARM.Collect$$$$0000000C) refers to main.o(i.main) for main
    init.o(.text) refers to entry5.o(.ARM.Collect$$$$00000004) for __main_after_scatterload


==============================================================================

Removing Unused input sections from the image.

    Removing startup_stm32f103xb.o(HEAP), (512 bytes).
    Removing main.o(.rev16_text), (4 bytes).
    Removing main.o(.revsh_text), (4 bytes).
    Removing main.o(.rrx_text), (6 bytes).
    Removing main.o(i.SHT30_Init), (8 bytes).
    Removing gpio.o(.rev16_text), (4 bytes).
    Removing gpio.o(.revsh_text), (4 bytes).
    Removing gpio.o(.rrx_text), (6 bytes).
    Removing i2c.o(.rev16_text), (4 bytes).
    Removing i2c.o(.revsh_text), (4 bytes).
    Removing i2c.o(.rrx_text), (6 bytes).
    Removing i2c.o(i.HAL_I2C_MspDeInit), (88 bytes).
    Removing usart.o(.rev16_text), (4 bytes).
    Removing usart.o(.revsh_text), (4 bytes).
    Removing usart.o(.rrx_text), (6 bytes).
    Removing usart.o(i.HAL_UART_MspDeInit), (56 bytes).
    Removing usart.o(i.fputc), (24 bytes).
    Removing stm32f1xx_it.o(.rev16_text), (4 bytes).
    Removing stm32f1xx_it.o(.revsh_text), (4 bytes).
    Removing stm32f1xx_it.o(.rrx_text), (6 bytes).
    Removing stm32f1xx_hal_msp.o(.rev16_text), (4 bytes).
    Removing stm32f1xx_hal_msp.o(.revsh_text), (4 bytes).
    Removing stm32f1xx_hal_msp.o(.rrx_text), (6 bytes).
    Removing oled.o(.rev16_text), (4 bytes).
    Removing oled.o(.revsh_text), (4 bytes).
    Removing oled.o(.rrx_text), (6 bytes).
    Removing oled.o(i.OLED_Clearrow), (40 bytes).
    Removing oled.o(i.OLED_Display_Off), (24 bytes).
    Removing oled.o(i.OLED_Display_On), (24 bytes).
    Removing oled.o(i.OLED_On), (52 bytes).
    Removing oled.o(i.OLED_WR_Byte), (12 bytes).
    Removing oled.o(.data), (4 bytes).
    Removing stm32f1xx_hal_gpio_ex.o(.rev16_text), (4 bytes).
    Removing stm32f1xx_hal_gpio_ex.o(.revsh_text), (4 bytes).
    Removing stm32f1xx_hal_gpio_ex.o(.rrx_text), (6 bytes).
    Removing stm32f1xx_hal_gpio_ex.o(i.HAL_GPIOEx_ConfigEventout), (20 bytes).
    Removing stm32f1xx_hal_gpio_ex.o(i.HAL_GPIOEx_DisableEventout), (16 bytes).
    Removing stm32f1xx_hal_gpio_ex.o(i.HAL_GPIOEx_EnableEventout), (16 bytes).
    Removing stm32f1xx_hal_i2c.o(.rev16_text), (4 bytes).
    Removing stm32f1xx_hal_i2c.o(.revsh_text), (4 bytes).
    Removing stm32f1xx_hal_i2c.o(.rrx_text), (6 bytes).
    Removing stm32f1xx_hal_i2c.o(i.HAL_I2C_AbortCpltCallback), (2 bytes).
    Removing stm32f1xx_hal_i2c.o(i.HAL_I2C_AddrCallback), (2 bytes).
    Removing stm32f1xx_hal_i2c.o(i.HAL_I2C_DeInit), (50 bytes).
    Removing stm32f1xx_hal_i2c.o(i.HAL_I2C_DisableListen_IT), (68 bytes).
    Removing stm32f1xx_hal_i2c.o(i.HAL_I2C_ER_IRQHandler), (196 bytes).
    Removing stm32f1xx_hal_i2c.o(i.HAL_I2C_EV_IRQHandler), (614 bytes).
    Removing stm32f1xx_hal_i2c.o(i.HAL_I2C_EnableListen_IT), (58 bytes).
    Removing stm32f1xx_hal_i2c.o(i.HAL_I2C_ErrorCallback), (2 bytes).
    Removing stm32f1xx_hal_i2c.o(i.HAL_I2C_GetError), (4 bytes).
    Removing stm32f1xx_hal_i2c.o(i.HAL_I2C_GetMode), (6 bytes).
    Removing stm32f1xx_hal_i2c.o(i.HAL_I2C_GetState), (6 bytes).
    Removing stm32f1xx_hal_i2c.o(i.HAL_I2C_IsDeviceReady), (364 bytes).
    Removing stm32f1xx_hal_i2c.o(i.HAL_I2C_ListenCpltCallback), (2 bytes).
    Removing stm32f1xx_hal_i2c.o(i.HAL_I2C_MasterRxCpltCallback), (2 bytes).
    Removing stm32f1xx_hal_i2c.o(i.HAL_I2C_MasterTxCpltCallback), (2 bytes).
    Removing stm32f1xx_hal_i2c.o(i.HAL_I2C_Master_Abort_IT), (94 bytes).
    Removing stm32f1xx_hal_i2c.o(i.HAL_I2C_Master_Receive_DMA), (320 bytes).
    Removing stm32f1xx_hal_i2c.o(i.HAL_I2C_Master_Receive_IT), (200 bytes).
    Removing stm32f1xx_hal_i2c.o(i.HAL_I2C_Master_Seq_Receive_DMA), (488 bytes).
    Removing stm32f1xx_hal_i2c.o(i.HAL_I2C_Master_Seq_Receive_IT), (324 bytes).
    Removing stm32f1xx_hal_i2c.o(i.HAL_I2C_Master_Seq_Transmit_DMA), (436 bytes).
    Removing stm32f1xx_hal_i2c.o(i.HAL_I2C_Master_Seq_Transmit_IT), (216 bytes).
    Removing stm32f1xx_hal_i2c.o(i.HAL_I2C_Master_Transmit_DMA), (320 bytes).
    Removing stm32f1xx_hal_i2c.o(i.HAL_I2C_Master_Transmit_IT), (188 bytes).
    Removing stm32f1xx_hal_i2c.o(i.HAL_I2C_MemRxCpltCallback), (2 bytes).
    Removing stm32f1xx_hal_i2c.o(i.HAL_I2C_MemTxCpltCallback), (2 bytes).
    Removing stm32f1xx_hal_i2c.o(i.HAL_I2C_Mem_Read), (592 bytes).
    Removing stm32f1xx_hal_i2c.o(i.HAL_I2C_Mem_Read_DMA), (432 bytes).
    Removing stm32f1xx_hal_i2c.o(i.HAL_I2C_Mem_Read_IT), (224 bytes).
    Removing stm32f1xx_hal_i2c.o(i.HAL_I2C_Mem_Write_DMA), (376 bytes).
    Removing stm32f1xx_hal_i2c.o(i.HAL_I2C_Mem_Write_IT), (212 bytes).
    Removing stm32f1xx_hal_i2c.o(i.HAL_I2C_MspDeInit), (2 bytes).
    Removing stm32f1xx_hal_i2c.o(i.HAL_I2C_MspInit), (2 bytes).
    Removing stm32f1xx_hal_i2c.o(i.HAL_I2C_SlaveRxCpltCallback), (2 bytes).
    Removing stm32f1xx_hal_i2c.o(i.HAL_I2C_SlaveTxCpltCallback), (2 bytes).
    Removing stm32f1xx_hal_i2c.o(i.HAL_I2C_Slave_Receive), (364 bytes).
    Removing stm32f1xx_hal_i2c.o(i.HAL_I2C_Slave_Receive_DMA), (204 bytes).
    Removing stm32f1xx_hal_i2c.o(i.HAL_I2C_Slave_Receive_IT), (124 bytes).
    Removing stm32f1xx_hal_i2c.o(i.HAL_I2C_Slave_Seq_Receive_DMA), (328 bytes).
    Removing stm32f1xx_hal_i2c.o(i.HAL_I2C_Slave_Seq_Receive_IT), (116 bytes).
    Removing stm32f1xx_hal_i2c.o(i.HAL_I2C_Slave_Seq_Transmit_DMA), (328 bytes).
    Removing stm32f1xx_hal_i2c.o(i.HAL_I2C_Slave_Seq_Transmit_IT), (116 bytes).
    Removing stm32f1xx_hal_i2c.o(i.HAL_I2C_Slave_Transmit), (348 bytes).
    Removing stm32f1xx_hal_i2c.o(i.HAL_I2C_Slave_Transmit_DMA), (204 bytes).
    Removing stm32f1xx_hal_i2c.o(i.HAL_I2C_Slave_Transmit_IT), (124 bytes).
    Removing stm32f1xx_hal_i2c.o(i.I2C_DMAAbort), (188 bytes).
    Removing stm32f1xx_hal_i2c.o(i.I2C_DMAError), (54 bytes).
    Removing stm32f1xx_hal_i2c.o(i.I2C_DMAXferCplt), (266 bytes).
    Removing stm32f1xx_hal_i2c.o(i.I2C_ITError), (344 bytes).
    Removing stm32f1xx_hal_i2c.o(i.I2C_MasterReceive_BTF), (210 bytes).
    Removing stm32f1xx_hal_i2c.o(i.I2C_MasterReceive_RXNE), (232 bytes).
    Removing stm32f1xx_hal_i2c.o(i.I2C_MasterTransmit_BTF), (116 bytes).
    Removing stm32f1xx_hal_i2c.o(i.I2C_MasterTransmit_TXE), (182 bytes).
    Removing stm32f1xx_hal_i2c.o(i.I2C_Master_ADDR), (344 bytes).
    Removing stm32f1xx_hal_i2c.o(i.I2C_Master_SB), (140 bytes).
    Removing stm32f1xx_hal_i2c.o(i.I2C_MemoryTransmit_TXE_BTF), (160 bytes).
    Removing stm32f1xx_hal_i2c.o(i.I2C_RequestMemoryRead), (252 bytes).
    Removing stm32f1xx_hal_i2c.o(i.I2C_Slave_AF), (132 bytes).
    Removing stm32f1xx_hal_i2c.o(i.I2C_Slave_STOPF), (348 bytes).
    Removing stm32f1xx_hal.o(.rev16_text), (4 bytes).
    Removing stm32f1xx_hal.o(.revsh_text), (4 bytes).
    Removing stm32f1xx_hal.o(.rrx_text), (6 bytes).
    Removing stm32f1xx_hal.o(i.HAL_DBGMCU_DisableDBGSleepMode), (16 bytes).
    Removing stm32f1xx_hal.o(i.HAL_DBGMCU_DisableDBGStandbyMode), (16 bytes).
    Removing stm32f1xx_hal.o(i.HAL_DBGMCU_DisableDBGStopMode), (16 bytes).
    Removing stm32f1xx_hal.o(i.HAL_DBGMCU_EnableDBGSleepMode), (16 bytes).
    Removing stm32f1xx_hal.o(i.HAL_DBGMCU_EnableDBGStandbyMode), (16 bytes).
    Removing stm32f1xx_hal.o(i.HAL_DBGMCU_EnableDBGStopMode), (16 bytes).
    Removing stm32f1xx_hal.o(i.HAL_DeInit), (32 bytes).
    Removing stm32f1xx_hal.o(i.HAL_GetDEVID), (16 bytes).
    Removing stm32f1xx_hal.o(i.HAL_GetHalVersion), (8 bytes).
    Removing stm32f1xx_hal.o(i.HAL_GetREVID), (12 bytes).
    Removing stm32f1xx_hal.o(i.HAL_GetTickFreq), (12 bytes).
    Removing stm32f1xx_hal.o(i.HAL_GetTickPrio), (12 bytes).
    Removing stm32f1xx_hal.o(i.HAL_GetUIDw0), (12 bytes).
    Removing stm32f1xx_hal.o(i.HAL_GetUIDw1), (12 bytes).
    Removing stm32f1xx_hal.o(i.HAL_GetUIDw2), (12 bytes).
    Removing stm32f1xx_hal.o(i.HAL_MspDeInit), (2 bytes).
    Removing stm32f1xx_hal.o(i.HAL_MspInit), (2 bytes).
    Removing stm32f1xx_hal.o(i.HAL_ResumeTick), (14 bytes).
    Removing stm32f1xx_hal.o(i.HAL_SetTickFreq), (36 bytes).
    Removing stm32f1xx_hal.o(i.HAL_SuspendTick), (14 bytes).
    Removing stm32f1xx_hal_rcc.o(.rev16_text), (4 bytes).
    Removing stm32f1xx_hal_rcc.o(.revsh_text), (4 bytes).
    Removing stm32f1xx_hal_rcc.o(.rrx_text), (6 bytes).
    Removing stm32f1xx_hal_rcc.o(i.HAL_RCC_CSSCallback), (2 bytes).
    Removing stm32f1xx_hal_rcc.o(i.HAL_RCC_DeInit), (220 bytes).
    Removing stm32f1xx_hal_rcc.o(i.HAL_RCC_DisableCSS), (12 bytes).
    Removing stm32f1xx_hal_rcc.o(i.HAL_RCC_EnableCSS), (12 bytes).
    Removing stm32f1xx_hal_rcc.o(i.HAL_RCC_GetClockConfig), (64 bytes).
    Removing stm32f1xx_hal_rcc.o(i.HAL_RCC_GetHCLKFreq), (12 bytes).
    Removing stm32f1xx_hal_rcc.o(i.HAL_RCC_GetOscConfig), (144 bytes).
    Removing stm32f1xx_hal_rcc.o(i.HAL_RCC_MCOConfig), (72 bytes).
    Removing stm32f1xx_hal_rcc.o(i.HAL_RCC_NMI_IRQHandler), (24 bytes).
    Removing stm32f1xx_hal_rcc_ex.o(.rev16_text), (4 bytes).
    Removing stm32f1xx_hal_rcc_ex.o(.revsh_text), (4 bytes).
    Removing stm32f1xx_hal_rcc_ex.o(.rrx_text), (6 bytes).
    Removing stm32f1xx_hal_rcc_ex.o(i.HAL_RCCEx_GetPeriphCLKConfig), (44 bytes).
    Removing stm32f1xx_hal_rcc_ex.o(i.HAL_RCCEx_GetPeriphCLKFreq), (200 bytes).
    Removing stm32f1xx_hal_rcc_ex.o(i.HAL_RCCEx_PeriphCLKConfig), (236 bytes).
    Removing stm32f1xx_hal_gpio.o(.rev16_text), (4 bytes).
    Removing stm32f1xx_hal_gpio.o(.revsh_text), (4 bytes).
    Removing stm32f1xx_hal_gpio.o(.rrx_text), (6 bytes).
    Removing stm32f1xx_hal_gpio.o(i.HAL_GPIO_DeInit), (252 bytes).
    Removing stm32f1xx_hal_gpio.o(i.HAL_GPIO_EXTI_Callback), (2 bytes).
    Removing stm32f1xx_hal_gpio.o(i.HAL_GPIO_LockPin), (34 bytes).
    Removing stm32f1xx_hal_gpio.o(i.HAL_GPIO_ReadPin), (10 bytes).
    Removing stm32f1xx_hal_dma.o(.rev16_text), (4 bytes).
    Removing stm32f1xx_hal_dma.o(.revsh_text), (4 bytes).
    Removing stm32f1xx_hal_dma.o(.rrx_text), (6 bytes).
    Removing stm32f1xx_hal_dma.o(i.DMA_SetConfig), (42 bytes).
    Removing stm32f1xx_hal_dma.o(i.HAL_DMA_Abort), (70 bytes).
    Removing stm32f1xx_hal_dma.o(i.HAL_DMA_Abort_IT), (152 bytes).
    Removing stm32f1xx_hal_dma.o(i.HAL_DMA_DeInit), (92 bytes).
    Removing stm32f1xx_hal_dma.o(i.HAL_DMA_GetError), (4 bytes).
    Removing stm32f1xx_hal_dma.o(i.HAL_DMA_GetState), (6 bytes).
    Removing stm32f1xx_hal_dma.o(i.HAL_DMA_IRQHandler), (340 bytes).
    Removing stm32f1xx_hal_dma.o(i.HAL_DMA_Init), (92 bytes).
    Removing stm32f1xx_hal_dma.o(i.HAL_DMA_PollForTransfer), (532 bytes).
    Removing stm32f1xx_hal_dma.o(i.HAL_DMA_RegisterCallback), (74 bytes).
    Removing stm32f1xx_hal_dma.o(i.HAL_DMA_Start), (80 bytes).
    Removing stm32f1xx_hal_dma.o(i.HAL_DMA_Start_IT), (112 bytes).
    Removing stm32f1xx_hal_dma.o(i.HAL_DMA_UnRegisterCallback), (82 bytes).
    Removing stm32f1xx_hal_cortex.o(.rev16_text), (4 bytes).
    Removing stm32f1xx_hal_cortex.o(.revsh_text), (4 bytes).
    Removing stm32f1xx_hal_cortex.o(.rrx_text), (6 bytes).
    Removing stm32f1xx_hal_cortex.o(i.HAL_NVIC_ClearPendingIRQ), (26 bytes).
    Removing stm32f1xx_hal_cortex.o(i.HAL_NVIC_DisableIRQ), (34 bytes).
    Removing stm32f1xx_hal_cortex.o(i.HAL_NVIC_GetActive), (36 bytes).
    Removing stm32f1xx_hal_cortex.o(i.HAL_NVIC_GetPendingIRQ), (36 bytes).
    Removing stm32f1xx_hal_cortex.o(i.HAL_NVIC_GetPriority), (82 bytes).
    Removing stm32f1xx_hal_cortex.o(i.HAL_NVIC_GetPriorityGrouping), (16 bytes).
    Removing stm32f1xx_hal_cortex.o(i.HAL_NVIC_SetPendingIRQ), (26 bytes).
    Removing stm32f1xx_hal_cortex.o(i.HAL_NVIC_SystemReset), (36 bytes).
    Removing stm32f1xx_hal_cortex.o(i.HAL_SYSTICK_CLKSourceConfig), (24 bytes).
    Removing stm32f1xx_hal_cortex.o(i.HAL_SYSTICK_Callback), (2 bytes).
    Removing stm32f1xx_hal_cortex.o(i.HAL_SYSTICK_IRQHandler), (8 bytes).
    Removing stm32f1xx_hal_pwr.o(.rev16_text), (4 bytes).
    Removing stm32f1xx_hal_pwr.o(.revsh_text), (4 bytes).
    Removing stm32f1xx_hal_pwr.o(.rrx_text), (6 bytes).
    Removing stm32f1xx_hal_pwr.o(i.HAL_PWR_ConfigPVD), (124 bytes).
    Removing stm32f1xx_hal_pwr.o(i.HAL_PWR_DeInit), (24 bytes).
    Removing stm32f1xx_hal_pwr.o(i.HAL_PWR_DisableBkUpAccess), (12 bytes).
    Removing stm32f1xx_hal_pwr.o(i.HAL_PWR_DisablePVD), (12 bytes).
    Removing stm32f1xx_hal_pwr.o(i.HAL_PWR_DisableSEVOnPend), (16 bytes).
    Removing stm32f1xx_hal_pwr.o(i.HAL_PWR_DisableSleepOnExit), (16 bytes).
    Removing stm32f1xx_hal_pwr.o(i.HAL_PWR_DisableWakeUpPin), (28 bytes).
    Removing stm32f1xx_hal_pwr.o(i.HAL_PWR_EnableBkUpAccess), (12 bytes).
    Removing stm32f1xx_hal_pwr.o(i.HAL_PWR_EnablePVD), (12 bytes).
    Removing stm32f1xx_hal_pwr.o(i.HAL_PWR_EnableSEVOnPend), (16 bytes).
    Removing stm32f1xx_hal_pwr.o(i.HAL_PWR_EnableSleepOnExit), (16 bytes).
    Removing stm32f1xx_hal_pwr.o(i.HAL_PWR_EnableWakeUpPin), (28 bytes).
    Removing stm32f1xx_hal_pwr.o(i.HAL_PWR_EnterSLEEPMode), (32 bytes).
    Removing stm32f1xx_hal_pwr.o(i.HAL_PWR_EnterSTANDBYMode), (32 bytes).
    Removing stm32f1xx_hal_pwr.o(i.HAL_PWR_EnterSTOPMode), (68 bytes).
    Removing stm32f1xx_hal_pwr.o(i.HAL_PWR_PVDCallback), (2 bytes).
    Removing stm32f1xx_hal_pwr.o(i.HAL_PWR_PVD_IRQHandler), (28 bytes).
    Removing stm32f1xx_hal_pwr.o(i.PWR_OverloadWfe), (6 bytes).
    Removing stm32f1xx_hal_flash.o(.rev16_text), (4 bytes).
    Removing stm32f1xx_hal_flash.o(.revsh_text), (4 bytes).
    Removing stm32f1xx_hal_flash.o(.rrx_text), (6 bytes).
    Removing stm32f1xx_hal_flash.o(i.FLASH_Program_HalfWord), (28 bytes).
    Removing stm32f1xx_hal_flash.o(i.FLASH_SetErrorCode), (92 bytes).
    Removing stm32f1xx_hal_flash.o(i.FLASH_WaitForLastOperation), (84 bytes).
    Removing stm32f1xx_hal_flash.o(i.HAL_FLASH_EndOfOperationCallback), (2 bytes).
    Removing stm32f1xx_hal_flash.o(i.HAL_FLASH_GetError), (12 bytes).
    Removing stm32f1xx_hal_flash.o(i.HAL_FLASH_IRQHandler), (264 bytes).
    Removing stm32f1xx_hal_flash.o(i.HAL_FLASH_Lock), (20 bytes).
    Removing stm32f1xx_hal_flash.o(i.HAL_FLASH_OB_Launch), (4 bytes).
    Removing stm32f1xx_hal_flash.o(i.HAL_FLASH_OB_Lock), (20 bytes).
    Removing stm32f1xx_hal_flash.o(i.HAL_FLASH_OB_Unlock), (36 bytes).
    Removing stm32f1xx_hal_flash.o(i.HAL_FLASH_OperationErrorCallback), (2 bytes).
    Removing stm32f1xx_hal_flash.o(i.HAL_FLASH_Program), (128 bytes).
    Removing stm32f1xx_hal_flash.o(i.HAL_FLASH_Program_IT), (100 bytes).
    Removing stm32f1xx_hal_flash.o(i.HAL_FLASH_Unlock), (40 bytes).
    Removing stm32f1xx_hal_flash.o(.bss), (32 bytes).
    Removing stm32f1xx_hal_flash_ex.o(.rev16_text), (4 bytes).
    Removing stm32f1xx_hal_flash_ex.o(.revsh_text), (4 bytes).
    Removing stm32f1xx_hal_flash_ex.o(.rrx_text), (6 bytes).
    Removing stm32f1xx_hal_flash_ex.o(i.FLASH_MassErase), (36 bytes).
    Removing stm32f1xx_hal_flash_ex.o(i.FLASH_OB_DisableWRP), (176 bytes).
    Removing stm32f1xx_hal_flash_ex.o(i.FLASH_OB_EnableWRP), (176 bytes).
    Removing stm32f1xx_hal_flash_ex.o(i.FLASH_OB_GetRDP), (24 bytes).
    Removing stm32f1xx_hal_flash_ex.o(i.FLASH_OB_RDP_LevelConfig), (100 bytes).
    Removing stm32f1xx_hal_flash_ex.o(i.FLASH_PageErase), (36 bytes).
    Removing stm32f1xx_hal_flash_ex.o(i.HAL_FLASHEx_Erase), (168 bytes).
    Removing stm32f1xx_hal_flash_ex.o(i.HAL_FLASHEx_Erase_IT), (84 bytes).
    Removing stm32f1xx_hal_flash_ex.o(i.HAL_FLASHEx_OBErase), (84 bytes).
    Removing stm32f1xx_hal_flash_ex.o(i.HAL_FLASHEx_OBGetConfig), (36 bytes).
    Removing stm32f1xx_hal_flash_ex.o(i.HAL_FLASHEx_OBGetUserData), (32 bytes).
    Removing stm32f1xx_hal_flash_ex.o(i.HAL_FLASHEx_OBProgram), (200 bytes).
    Removing stm32f1xx_hal_exti.o(.rev16_text), (4 bytes).
    Removing stm32f1xx_hal_exti.o(.revsh_text), (4 bytes).
    Removing stm32f1xx_hal_exti.o(.rrx_text), (6 bytes).
    Removing stm32f1xx_hal_exti.o(i.HAL_EXTI_ClearConfigLine), (104 bytes).
    Removing stm32f1xx_hal_exti.o(i.HAL_EXTI_ClearPending), (20 bytes).
    Removing stm32f1xx_hal_exti.o(i.HAL_EXTI_GenerateSWI), (20 bytes).
    Removing stm32f1xx_hal_exti.o(i.HAL_EXTI_GetConfigLine), (152 bytes).
    Removing stm32f1xx_hal_exti.o(i.HAL_EXTI_GetHandle), (12 bytes).
    Removing stm32f1xx_hal_exti.o(i.HAL_EXTI_GetPending), (24 bytes).
    Removing stm32f1xx_hal_exti.o(i.HAL_EXTI_IRQHandler), (36 bytes).
    Removing stm32f1xx_hal_exti.o(i.HAL_EXTI_RegisterCallback), (14 bytes).
    Removing stm32f1xx_hal_exti.o(i.HAL_EXTI_SetConfigLine), (164 bytes).
    Removing stm32f1xx_hal_tim.o(.rev16_text), (4 bytes).
    Removing stm32f1xx_hal_tim.o(.revsh_text), (4 bytes).
    Removing stm32f1xx_hal_tim.o(.rrx_text), (6 bytes).
    Removing stm32f1xx_hal_tim_ex.o(.rev16_text), (4 bytes).
    Removing stm32f1xx_hal_tim_ex.o(.revsh_text), (4 bytes).
    Removing stm32f1xx_hal_tim_ex.o(.rrx_text), (6 bytes).
    Removing stm32f1xx_hal_uart.o(.rev16_text), (4 bytes).
    Removing stm32f1xx_hal_uart.o(.revsh_text), (4 bytes).
    Removing stm32f1xx_hal_uart.o(.rrx_text), (6 bytes).
    Removing stm32f1xx_hal_uart.o(i.HAL_HalfDuplex_EnableReceiver), (50 bytes).
    Removing stm32f1xx_hal_uart.o(i.HAL_HalfDuplex_EnableTransmitter), (50 bytes).
    Removing stm32f1xx_hal_uart.o(i.HAL_HalfDuplex_Init), (108 bytes).
    Removing stm32f1xx_hal_uart.o(i.HAL_LIN_Init), (128 bytes).
    Removing stm32f1xx_hal_uart.o(i.HAL_LIN_SendBreak), (46 bytes).
    Removing stm32f1xx_hal_uart.o(i.HAL_MultiProcessor_EnterMuteMode), (46 bytes).
    Removing stm32f1xx_hal_uart.o(i.HAL_MultiProcessor_ExitMuteMode), (46 bytes).
    Removing stm32f1xx_hal_uart.o(i.HAL_MultiProcessor_Init), (142 bytes).
    Removing stm32f1xx_hal_uart.o(i.HAL_UART_Abort), (138 bytes).
    Removing stm32f1xx_hal_uart.o(i.HAL_UART_AbortCpltCallback), (2 bytes).
    Removing stm32f1xx_hal_uart.o(i.HAL_UART_AbortReceive), (88 bytes).
    Removing stm32f1xx_hal_uart.o(i.HAL_UART_AbortReceiveCpltCallback), (2 bytes).
    Removing stm32f1xx_hal_uart.o(i.HAL_UART_AbortReceive_IT), (92 bytes).
    Removing stm32f1xx_hal_uart.o(i.HAL_UART_AbortTransmit), (78 bytes).
    Removing stm32f1xx_hal_uart.o(i.HAL_UART_AbortTransmitCpltCallback), (2 bytes).
    Removing stm32f1xx_hal_uart.o(i.HAL_UART_AbortTransmit_IT), (84 bytes).
    Removing stm32f1xx_hal_uart.o(i.HAL_UART_Abort_IT), (172 bytes).
    Removing stm32f1xx_hal_uart.o(i.HAL_UART_DMAPause), (102 bytes).
    Removing stm32f1xx_hal_uart.o(i.HAL_UART_DMAResume), (94 bytes).
    Removing stm32f1xx_hal_uart.o(i.HAL_UART_DMAStop), (88 bytes).
    Removing stm32f1xx_hal_uart.o(i.HAL_UART_DeInit), (50 bytes).
    Removing stm32f1xx_hal_uart.o(i.HAL_UART_ErrorCallback), (2 bytes).
    Removing stm32f1xx_hal_uart.o(i.HAL_UART_GetError), (4 bytes).
    Removing stm32f1xx_hal_uart.o(i.HAL_UART_GetState), (10 bytes).
    Removing stm32f1xx_hal_uart.o(i.HAL_UART_IRQHandler), (348 bytes).
    Removing stm32f1xx_hal_uart.o(i.HAL_UART_MspDeInit), (2 bytes).
    Removing stm32f1xx_hal_uart.o(i.HAL_UART_MspInit), (2 bytes).
    Removing stm32f1xx_hal_uart.o(i.HAL_UART_Receive), (188 bytes).
    Removing stm32f1xx_hal_uart.o(i.HAL_UART_Receive_DMA), (152 bytes).
    Removing stm32f1xx_hal_uart.o(i.HAL_UART_Receive_IT), (82 bytes).
    Removing stm32f1xx_hal_uart.o(i.HAL_UART_RxCpltCallback), (2 bytes).
    Removing stm32f1xx_hal_uart.o(i.HAL_UART_RxHalfCpltCallback), (2 bytes).
    Removing stm32f1xx_hal_uart.o(i.HAL_UART_Transmit), (178 bytes).
    Removing stm32f1xx_hal_uart.o(i.HAL_UART_Transmit_DMA), (128 bytes).
    Removing stm32f1xx_hal_uart.o(i.HAL_UART_Transmit_IT), (62 bytes).
    Removing stm32f1xx_hal_uart.o(i.HAL_UART_TxCpltCallback), (2 bytes).
    Removing stm32f1xx_hal_uart.o(i.HAL_UART_TxHalfCpltCallback), (2 bytes).
    Removing stm32f1xx_hal_uart.o(i.UART_DMAAbortOnError), (16 bytes).
    Removing stm32f1xx_hal_uart.o(i.UART_DMAError), (74 bytes).
    Removing stm32f1xx_hal_uart.o(i.UART_DMAReceiveCplt), (60 bytes).
    Removing stm32f1xx_hal_uart.o(i.UART_DMARxAbortCallback), (42 bytes).
    Removing stm32f1xx_hal_uart.o(i.UART_DMARxHalfCplt), (10 bytes).
    Removing stm32f1xx_hal_uart.o(i.UART_DMARxOnlyAbortCallback), (20 bytes).
    Removing stm32f1xx_hal_uart.o(i.UART_DMATransmitCplt), (46 bytes).
    Removing stm32f1xx_hal_uart.o(i.UART_DMATxAbortCallback), (42 bytes).
    Removing stm32f1xx_hal_uart.o(i.UART_DMATxHalfCplt), (10 bytes).
    Removing stm32f1xx_hal_uart.o(i.UART_DMATxOnlyAbortCallback), (20 bytes).
    Removing stm32f1xx_hal_uart.o(i.UART_EndRxTransfer), (28 bytes).
    Removing stm32f1xx_hal_uart.o(i.UART_EndTxTransfer), (18 bytes).
    Removing stm32f1xx_hal_uart.o(i.UART_Receive_IT), (140 bytes).
    Removing stm32f1xx_hal_uart.o(i.UART_WaitOnFlagUntilTimeout), (100 bytes).
    Removing system_stm32f1xx.o(.rev16_text), (4 bytes).
    Removing system_stm32f1xx.o(.revsh_text), (4 bytes).
    Removing system_stm32f1xx.o(.rrx_text), (6 bytes).
    Removing system_stm32f1xx.o(i.SystemCoreClockUpdate), (104 bytes).
    Removing mcu_api.o(.rev16_text), (4 bytes).
    Removing mcu_api.o(.revsh_text), (4 bytes).
    Removing mcu_api.o(.rrx_text), (6 bytes).
    Removing mcu_api.o(i.hex_to_bcd), (74 bytes).
    Removing mcu_api.o(i.int_to_byte), (16 bytes).
    Removing mcu_api.o(i.mcu_dp_fault_update), (104 bytes).
    Removing mcu_api.o(i.mcu_dp_raw_update), (68 bytes).
    Removing mcu_api.o(i.mcu_dp_string_update), (68 bytes).
    Removing mcu_api.o(i.mcu_get_reset_wifi_flag), (12 bytes).
    Removing mcu_api.o(i.mcu_get_wifimode_flag), (12 bytes).
    Removing mcu_api.o(i.mcu_set_wifi_mode), (32 bytes).
    Removing mcu_api.o(i.mcu_start_wifitest), (10 bytes).
    Removing mcu_api.o(i.my_memset), (20 bytes).
    Removing mcu_api.o(i.my_strcmp), (26 bytes).
    Removing mcu_api.o(i.my_strcpy), (32 bytes).
    Removing mcu_api.o(i.uart_receive_buff_input), (26 bytes).
    Removing protocol.o(.rev16_text), (4 bytes).
    Removing protocol.o(.revsh_text), (4 bytes).
    Removing protocol.o(.rrx_text), (6 bytes).
    Removing system.o(.rev16_text), (4 bytes).
    Removing system.o(.revsh_text), (4 bytes).
    Removing system.o(.rrx_text), (6 bytes).

330 unused section(s) (total 22982 bytes) removed from the image.

==============================================================================

Image Symbol Table

    Local Symbols

    Symbol Name                              Value     Ov Type        Size  Object(Section)

    ../Drivers/STM32F1xx_HAL_Driver/Src/stm32f1xx_hal.c 0x00000000   Number         0  stm32f1xx_hal.o ABSOLUTE
    ../Drivers/STM32F1xx_HAL_Driver/Src/stm32f1xx_hal_cortex.c 0x00000000   Number         0  stm32f1xx_hal_cortex.o ABSOLUTE
    ../Drivers/STM32F1xx_HAL_Driver/Src/stm32f1xx_hal_dma.c 0x00000000   Number         0  stm32f1xx_hal_dma.o ABSOLUTE
    ../Drivers/STM32F1xx_HAL_Driver/Src/stm32f1xx_hal_exti.c 0x00000000   Number         0  stm32f1xx_hal_exti.o ABSOLUTE
    ../Drivers/STM32F1xx_HAL_Driver/Src/stm32f1xx_hal_flash.c 0x00000000   Number         0  stm32f1xx_hal_flash.o ABSOLUTE
    ../Drivers/STM32F1xx_HAL_Driver/Src/stm32f1xx_hal_flash_ex.c 0x00000000   Number         0  stm32f1xx_hal_flash_ex.o ABSOLUTE
    ../Drivers/STM32F1xx_HAL_Driver/Src/stm32f1xx_hal_gpio.c 0x00000000   Number         0  stm32f1xx_hal_gpio.o ABSOLUTE
    ../Drivers/STM32F1xx_HAL_Driver/Src/stm32f1xx_hal_gpio_ex.c 0x00000000   Number         0  stm32f1xx_hal_gpio_ex.o ABSOLUTE
    ../Drivers/STM32F1xx_HAL_Driver/Src/stm32f1xx_hal_i2c.c 0x00000000   Number         0  stm32f1xx_hal_i2c.o ABSOLUTE
    ../Drivers/STM32F1xx_HAL_Driver/Src/stm32f1xx_hal_pwr.c 0x00000000   Number         0  stm32f1xx_hal_pwr.o ABSOLUTE
    ../Drivers/STM32F1xx_HAL_Driver/Src/stm32f1xx_hal_rcc.c 0x00000000   Number         0  stm32f1xx_hal_rcc.o ABSOLUTE
    ../Drivers/STM32F1xx_HAL_Driver/Src/stm32f1xx_hal_rcc_ex.c 0x00000000   Number         0  stm32f1xx_hal_rcc_ex.o ABSOLUTE
    ../Drivers/STM32F1xx_HAL_Driver/Src/stm32f1xx_hal_tim.c 0x00000000   Number         0  stm32f1xx_hal_tim.o ABSOLUTE
    ../Drivers/STM32F1xx_HAL_Driver/Src/stm32f1xx_hal_tim_ex.c 0x00000000   Number         0  stm32f1xx_hal_tim_ex.o ABSOLUTE
    ../Drivers/STM32F1xx_HAL_Driver/Src/stm32f1xx_hal_uart.c 0x00000000   Number         0  stm32f1xx_hal_uart.o ABSOLUTE
    ../Src/gpio.c                            0x00000000   Number         0  gpio.o ABSOLUTE
    ../Src/i2c.c                             0x00000000   Number         0  i2c.o ABSOLUTE
    ../Src/main.c                            0x00000000   Number         0  main.o ABSOLUTE
    ../Src/stm32f1xx_hal_msp.c               0x00000000   Number         0  stm32f1xx_hal_msp.o ABSOLUTE
    ../Src/stm32f1xx_it.c                    0x00000000   Number         0  stm32f1xx_it.o ABSOLUTE
    ../Src/system_stm32f1xx.c                0x00000000   Number         0  system_stm32f1xx.o ABSOLUTE
    ../Src/usart.c                           0x00000000   Number         0  usart.o ABSOLUTE
    ../clib/../cmprslib/zerorunl2.c          0x00000000   Number         0  __dczerorl2.o ABSOLUTE
    ../clib/microlib/init/entry.s            0x00000000   Number         0  entry9a.o ABSOLUTE
    ../clib/microlib/init/entry.s            0x00000000   Number         0  entry.o ABSOLUTE
    ../clib/microlib/init/entry.s            0x00000000   Number         0  entry5.o ABSOLUTE
    ../clib/microlib/init/entry.s            0x00000000   Number         0  entry10b.o ABSOLUTE
    ../clib/microlib/init/entry.s            0x00000000   Number         0  entry10a.o ABSOLUTE
    ../clib/microlib/init/entry.s            0x00000000   Number         0  entry9b.o ABSOLUTE
    ../clib/microlib/init/entry.s            0x00000000   Number         0  entry11a.o ABSOLUTE
    ../clib/microlib/init/entry.s            0x00000000   Number         0  entry11b.o ABSOLUTE
    ../clib/microlib/init/entry.s            0x00000000   Number         0  entry8b.o ABSOLUTE
    ../clib/microlib/init/entry.s            0x00000000   Number         0  entry8a.o ABSOLUTE
    ../clib/microlib/init/entry.s            0x00000000   Number         0  entry12a.o ABSOLUTE
    ../clib/microlib/init/entry.s            0x00000000   Number         0  entry12b.o ABSOLUTE
    ../clib/microlib/init/entry.s            0x00000000   Number         0  entry2.o ABSOLUTE
    ../clib/microlib/init/entry.s            0x00000000   Number         0  entry7b.o ABSOLUTE
    ../clib/microlib/init/entry.s            0x00000000   Number         0  entry7a.o ABSOLUTE
    ../clib/microlib/longlong.c              0x00000000   Number         0  llushr.o ABSOLUTE
    ../clib/microlib/string/memset.c         0x00000000   Number         0  memseta.o ABSOLUTE
    ../clib/microlib/stubs.s                 0x00000000   Number         0  iusefp.o ABSOLUTE
    ../fplib/microlib/fpadd.c                0x00000000   Number         0  fadd.o ABSOLUTE
    ../fplib/microlib/fpdiv.c                0x00000000   Number         0  fdiv.o ABSOLUTE
    ../fplib/microlib/fpepilogue.c           0x00000000   Number         0  fepilogue.o ABSOLUTE
    ../fplib/microlib/fpfix.c                0x00000000   Number         0  ffixui.o ABSOLUTE
    ../fplib/microlib/fpflt.c                0x00000000   Number         0  ffltui.o ABSOLUTE
    ../fplib/microlib/fpmul.c                0x00000000   Number         0  fmul.o ABSOLUTE
    ..\Drivers\STM32F1xx_HAL_Driver\Src\stm32f1xx_hal.c 0x00000000   Number         0  stm32f1xx_hal.o ABSOLUTE
    ..\Drivers\STM32F1xx_HAL_Driver\Src\stm32f1xx_hal_cortex.c 0x00000000   Number         0  stm32f1xx_hal_cortex.o ABSOLUTE
    ..\Drivers\STM32F1xx_HAL_Driver\Src\stm32f1xx_hal_dma.c 0x00000000   Number         0  stm32f1xx_hal_dma.o ABSOLUTE
    ..\Drivers\STM32F1xx_HAL_Driver\Src\stm32f1xx_hal_exti.c 0x00000000   Number         0  stm32f1xx_hal_exti.o ABSOLUTE
    ..\Drivers\STM32F1xx_HAL_Driver\Src\stm32f1xx_hal_flash.c 0x00000000   Number         0  stm32f1xx_hal_flash.o ABSOLUTE
    ..\Drivers\STM32F1xx_HAL_Driver\Src\stm32f1xx_hal_flash_ex.c 0x00000000   Number         0  stm32f1xx_hal_flash_ex.o ABSOLUTE
    ..\Drivers\STM32F1xx_HAL_Driver\Src\stm32f1xx_hal_gpio.c 0x00000000   Number         0  stm32f1xx_hal_gpio.o ABSOLUTE
    ..\Drivers\STM32F1xx_HAL_Driver\Src\stm32f1xx_hal_gpio_ex.c 0x00000000   Number         0  stm32f1xx_hal_gpio_ex.o ABSOLUTE
    ..\Drivers\STM32F1xx_HAL_Driver\Src\stm32f1xx_hal_i2c.c 0x00000000   Number         0  stm32f1xx_hal_i2c.o ABSOLUTE
    ..\Drivers\STM32F1xx_HAL_Driver\Src\stm32f1xx_hal_pwr.c 0x00000000   Number         0  stm32f1xx_hal_pwr.o ABSOLUTE
    ..\Drivers\STM32F1xx_HAL_Driver\Src\stm32f1xx_hal_rcc.c 0x00000000   Number         0  stm32f1xx_hal_rcc.o ABSOLUTE
    ..\Drivers\STM32F1xx_HAL_Driver\Src\stm32f1xx_hal_rcc_ex.c 0x00000000   Number         0  stm32f1xx_hal_rcc_ex.o ABSOLUTE
    ..\Drivers\STM32F1xx_HAL_Driver\Src\stm32f1xx_hal_tim.c 0x00000000   Number         0  stm32f1xx_hal_tim.o ABSOLUTE
    ..\Drivers\STM32F1xx_HAL_Driver\Src\stm32f1xx_hal_tim_ex.c 0x00000000   Number         0  stm32f1xx_hal_tim_ex.o ABSOLUTE
    ..\Drivers\STM32F1xx_HAL_Driver\Src\stm32f1xx_hal_uart.c 0x00000000   Number         0  stm32f1xx_hal_uart.o ABSOLUTE
    ..\Src\gpio.c                            0x00000000   Number         0  gpio.o ABSOLUTE
    ..\Src\i2c.c                             0x00000000   Number         0  i2c.o ABSOLUTE
    ..\Src\main.c                            0x00000000   Number         0  main.o ABSOLUTE
    ..\Src\oled.c                            0x00000000   Number         0  oled.o ABSOLUTE
    ..\Src\stm32f1xx_hal_msp.c               0x00000000   Number         0  stm32f1xx_hal_msp.o ABSOLUTE
    ..\Src\stm32f1xx_it.c                    0x00000000   Number         0  stm32f1xx_it.o ABSOLUTE
    ..\Src\system_stm32f1xx.c                0x00000000   Number         0  system_stm32f1xx.o ABSOLUTE
    ..\Src\usart.c                           0x00000000   Number         0  usart.o ABSOLUTE
    ..\\Src\\oled.c                          0x00000000   Number         0  oled.o ABSOLUTE
    ..\\mcu_sdk\\mcu_api.c                   0x00000000   Number         0  mcu_api.o ABSOLUTE
    ..\\mcu_sdk\\protocol.c                  0x00000000   Number         0  protocol.o ABSOLUTE
    ..\\mcu_sdk\\system.c                    0x00000000   Number         0  system.o ABSOLUTE
    ..\mcu_sdk\mcu_api.c                     0x00000000   Number         0  mcu_api.o ABSOLUTE
    ..\mcu_sdk\protocol.c                    0x00000000   Number         0  protocol.o ABSOLUTE
    ..\mcu_sdk\system.c                      0x00000000   Number         0  system.o ABSOLUTE
    dc.s                                     0x00000000   Number         0  dc.o ABSOLUTE
    handlers.s                               0x00000000   Number         0  handlers.o ABSOLUTE
    init.s                                   0x00000000   Number         0  init.o ABSOLUTE
    startup_stm32f103xb.s                    0x00000000   Number         0  startup_stm32f103xb.o ABSOLUTE
    RESET                                    0x08000000   Section      236  startup_stm32f103xb.o(RESET)
    .ARM.Collect$$$$00000000                 0x080000ec   Section        0  entry.o(.ARM.Collect$$$$00000000)
    .ARM.Collect$$$$00000001                 0x080000ec   Section        4  entry2.o(.ARM.Collect$$$$00000001)
    .ARM.Collect$$$$00000004                 0x080000f0   Section        4  entry5.o(.ARM.Collect$$$$00000004)
    .ARM.Collect$$$$00000008                 0x080000f4   Section        0  entry7b.o(.ARM.Collect$$$$00000008)
    .ARM.Collect$$$$0000000A                 0x080000f4   Section        0  entry8b.o(.ARM.Collect$$$$0000000A)
    .ARM.Collect$$$$0000000B                 0x080000f4   Section        8  entry9a.o(.ARM.Collect$$$$0000000B)
    .ARM.Collect$$$$0000000E                 0x080000fc   Section        4  entry12b.o(.ARM.Collect$$$$0000000E)
    .ARM.Collect$$$$0000000F                 0x08000100   Section        0  entry10a.o(.ARM.Collect$$$$0000000F)
    .ARM.Collect$$$$00000011                 0x08000100   Section        0  entry11a.o(.ARM.Collect$$$$00000011)
    .ARM.Collect$$$$00002712                 0x08000100   Section        4  entry2.o(.ARM.Collect$$$$00002712)
    __lit__00000000                          0x08000100   Data           4  entry2.o(.ARM.Collect$$$$00002712)
    .text                                    0x08000104   Section       36  startup_stm32f103xb.o(.text)
    .text                                    0x08000128   Section        0  memseta.o(.text)
    .text                                    0x0800014c   Section        0  fadd.o(.text)
    .text                                    0x080001fc   Section        0  fmul.o(.text)
    .text                                    0x08000260   Section        0  fdiv.o(.text)
    .text                                    0x080002dc   Section        0  ffltui.o(.text)
    .text                                    0x080002e6   Section        0  ffixui.o(.text)
    .text                                    0x0800030e   Section        0  iusefp.o(.text)
    .text                                    0x0800030e   Section        0  fepilogue.o(.text)
    .text                                    0x0800037c   Section       36  init.o(.text)
    .text                                    0x080003a0   Section        0  __dczerorl2.o(.text)
    i.BusFault_Handler                       0x080003f6   Section        0  stm32f1xx_it.o(i.BusFault_Handler)
    i.CheckCrc8                              0x080003f8   Section        0  main.o(i.CheckCrc8)
    i.DebugMon_Handler                       0x08000428   Section        0  stm32f1xx_it.o(i.DebugMon_Handler)
    i.EXTI2_IRQHandler                       0x0800042a   Section        0  stm32f1xx_it.o(i.EXTI2_IRQHandler)
    i.Error_Handler                          0x08000430   Section        0  main.o(i.Error_Handler)
    i.HAL_Delay                              0x08000434   Section        0  stm32f1xx_hal.o(i.HAL_Delay)
    i.HAL_GPIO_EXTI_Callback                 0x08000458   Section        0  gpio.o(i.HAL_GPIO_EXTI_Callback)
    i.HAL_GPIO_EXTI_IRQHandler               0x08000470   Section        0  stm32f1xx_hal_gpio.o(i.HAL_GPIO_EXTI_IRQHandler)
    i.HAL_GPIO_Init                          0x08000488   Section        0  stm32f1xx_hal_gpio.o(i.HAL_GPIO_Init)
    i.HAL_GPIO_TogglePin                     0x08000668   Section        0  stm32f1xx_hal_gpio.o(i.HAL_GPIO_TogglePin)
    i.HAL_GPIO_WritePin                      0x08000678   Section        0  stm32f1xx_hal_gpio.o(i.HAL_GPIO_WritePin)
    i.HAL_GetTick                            0x08000684   Section        0  stm32f1xx_hal.o(i.HAL_GetTick)
    i.HAL_I2C_Init                           0x08000690   Section        0  stm32f1xx_hal_i2c.o(i.HAL_I2C_Init)
    i.HAL_I2C_Master_Receive                 0x08000818   Section        0  stm32f1xx_hal_i2c.o(i.HAL_I2C_Master_Receive)
    i.HAL_I2C_Master_Transmit                0x08000a5c   Section        0  stm32f1xx_hal_i2c.o(i.HAL_I2C_Master_Transmit)
    i.HAL_I2C_Mem_Write                      0x08000b88   Section        0  stm32f1xx_hal_i2c.o(i.HAL_I2C_Mem_Write)
    i.HAL_I2C_MspInit                        0x08000cb8   Section        0  i2c.o(i.HAL_I2C_MspInit)
    i.HAL_IncTick                            0x08000d44   Section        0  stm32f1xx_hal.o(i.HAL_IncTick)
    i.HAL_Init                               0x08000d54   Section        0  stm32f1xx_hal.o(i.HAL_Init)
    i.HAL_InitTick                           0x08000d78   Section        0  stm32f1xx_hal.o(i.HAL_InitTick)
    i.HAL_MspInit                            0x08000db8   Section        0  stm32f1xx_hal_msp.o(i.HAL_MspInit)
    i.HAL_NVIC_EnableIRQ                     0x08000df4   Section        0  stm32f1xx_hal_cortex.o(i.HAL_NVIC_EnableIRQ)
    i.HAL_NVIC_SetPriority                   0x08000e10   Section        0  stm32f1xx_hal_cortex.o(i.HAL_NVIC_SetPriority)
    i.HAL_NVIC_SetPriorityGrouping           0x08000e50   Section        0  stm32f1xx_hal_cortex.o(i.HAL_NVIC_SetPriorityGrouping)
    i.HAL_RCC_ClockConfig                    0x08000e74   Section        0  stm32f1xx_hal_rcc.o(i.HAL_RCC_ClockConfig)
    i.HAL_RCC_GetPCLK1Freq                   0x08000fa0   Section        0  stm32f1xx_hal_rcc.o(i.HAL_RCC_GetPCLK1Freq)
    i.HAL_RCC_GetPCLK2Freq                   0x08000fc0   Section        0  stm32f1xx_hal_rcc.o(i.HAL_RCC_GetPCLK2Freq)
    i.HAL_RCC_GetSysClockFreq                0x08000fe0   Section        0  stm32f1xx_hal_rcc.o(i.HAL_RCC_GetSysClockFreq)
    i.HAL_RCC_OscConfig                      0x0800104c   Section        0  stm32f1xx_hal_rcc.o(i.HAL_RCC_OscConfig)
    i.HAL_SYSTICK_Config                     0x0800136c   Section        0  stm32f1xx_hal_cortex.o(i.HAL_SYSTICK_Config)
    i.HAL_UART_Init                          0x08001394   Section        0  stm32f1xx_hal_uart.o(i.HAL_UART_Init)
    i.HAL_UART_MspInit                       0x080013f8   Section        0  usart.o(i.HAL_UART_MspInit)
    i.HardFault_Handler                      0x08001478   Section        0  stm32f1xx_it.o(i.HardFault_Handler)
    i.I2C_IsAcknowledgeFailed                0x0800147a   Section        0  stm32f1xx_hal_i2c.o(i.I2C_IsAcknowledgeFailed)
    I2C_IsAcknowledgeFailed                  0x0800147b   Thumb Code    46  stm32f1xx_hal_i2c.o(i.I2C_IsAcknowledgeFailed)
    i.I2C_MasterRequestRead                  0x080014a8   Section        0  stm32f1xx_hal_i2c.o(i.I2C_MasterRequestRead)
    I2C_MasterRequestRead                    0x080014a9   Thumb Code   230  stm32f1xx_hal_i2c.o(i.I2C_MasterRequestRead)
    i.I2C_MasterRequestWrite                 0x08001594   Section        0  stm32f1xx_hal_i2c.o(i.I2C_MasterRequestWrite)
    I2C_MasterRequestWrite                   0x08001595   Thumb Code   150  stm32f1xx_hal_i2c.o(i.I2C_MasterRequestWrite)
    i.I2C_RequestMemoryWrite                 0x08001630   Section        0  stm32f1xx_hal_i2c.o(i.I2C_RequestMemoryWrite)
    I2C_RequestMemoryWrite                   0x08001631   Thumb Code   162  stm32f1xx_hal_i2c.o(i.I2C_RequestMemoryWrite)
    i.I2C_WaitOnBTFFlagUntilTimeout          0x080016d8   Section        0  stm32f1xx_hal_i2c.o(i.I2C_WaitOnBTFFlagUntilTimeout)
    I2C_WaitOnBTFFlagUntilTimeout            0x080016d9   Thumb Code    76  stm32f1xx_hal_i2c.o(i.I2C_WaitOnBTFFlagUntilTimeout)
    i.I2C_WaitOnFlagUntilTimeout             0x08001724   Section        0  stm32f1xx_hal_i2c.o(i.I2C_WaitOnFlagUntilTimeout)
    I2C_WaitOnFlagUntilTimeout               0x08001725   Thumb Code   104  stm32f1xx_hal_i2c.o(i.I2C_WaitOnFlagUntilTimeout)
    i.I2C_WaitOnMasterAddressFlagUntilTimeout 0x0800178c   Section        0  stm32f1xx_hal_i2c.o(i.I2C_WaitOnMasterAddressFlagUntilTimeout)
    I2C_WaitOnMasterAddressFlagUntilTimeout  0x0800178d   Thumb Code   150  stm32f1xx_hal_i2c.o(i.I2C_WaitOnMasterAddressFlagUntilTimeout)
    i.I2C_WaitOnRXNEFlagUntilTimeout         0x08001822   Section        0  stm32f1xx_hal_i2c.o(i.I2C_WaitOnRXNEFlagUntilTimeout)
    I2C_WaitOnRXNEFlagUntilTimeout           0x08001823   Thumb Code   102  stm32f1xx_hal_i2c.o(i.I2C_WaitOnRXNEFlagUntilTimeout)
    i.I2C_WaitOnTXEFlagUntilTimeout          0x08001888   Section        0  stm32f1xx_hal_i2c.o(i.I2C_WaitOnTXEFlagUntilTimeout)
    I2C_WaitOnTXEFlagUntilTimeout            0x08001889   Thumb Code    76  stm32f1xx_hal_i2c.o(i.I2C_WaitOnTXEFlagUntilTimeout)
    i.MX_GPIO_Init                           0x080018d4   Section        0  gpio.o(i.MX_GPIO_Init)
    i.MX_I2C1_Init                           0x08001980   Section        0  i2c.o(i.MX_I2C1_Init)
    i.MX_I2C2_Init                           0x080019c0   Section        0  i2c.o(i.MX_I2C2_Init)
    i.MX_USART1_UART_Init                    0x08001a00   Section        0  usart.o(i.MX_USART1_UART_Init)
    i.MemManage_Handler                      0x08001a38   Section        0  stm32f1xx_it.o(i.MemManage_Handler)
    i.NMI_Handler                            0x08001a3a   Section        0  stm32f1xx_it.o(i.NMI_Handler)
    i.OLED_Clear                             0x08001a3c   Section        0  oled.o(i.OLED_Clear)
    i.OLED_Init                              0x08001a70   Section        0  oled.o(i.OLED_Init)
    i.OLED_Set_Pos                           0x08001a80   Section        0  oled.o(i.OLED_Set_Pos)
    i.OLED_ShowCHineseWord                   0x08001aa4   Section        0  oled.o(i.OLED_ShowCHineseWord)
    i.OLED_ShowChar                          0x08001b34   Section        0  oled.o(i.OLED_ShowChar)
    i.OLED_ShowNum                           0x08001bbc   Section        0  oled.o(i.OLED_ShowNum)
    i.OLED_ShowString                        0x08001c26   Section        0  oled.o(i.OLED_ShowString)
    i.OLED_WR_CMD                            0x08001c5c   Section        0  oled.o(i.OLED_WR_CMD)
    i.OLED_WR_DATA                           0x08001c80   Section        0  oled.o(i.OLED_WR_DATA)
    i.PendSV_Handler                         0x08001ca4   Section        0  stm32f1xx_it.o(i.PendSV_Handler)
    i.SHT30_Dat_To_Float                     0x08001ca8   Section        0  main.o(i.SHT30_Dat_To_Float)
    i.SHT30_Read_Dat                         0x08001d1c   Section        0  main.o(i.SHT30_Read_Dat)
    i.SHT30_Reset                            0x08001d40   Section        0  main.o(i.SHT30_Reset)
    i.SHT30_Send_Cmd                         0x08001d54   Section        0  main.o(i.SHT30_Send_Cmd)
    SHT30_Send_Cmd                           0x08001d55   Thumb Code    32  main.o(i.SHT30_Send_Cmd)
    i.SVC_Handler                            0x08001d78   Section        0  stm32f1xx_it.o(i.SVC_Handler)
    i.SysTick_Handler                        0x08001d7a   Section        0  stm32f1xx_it.o(i.SysTick_Handler)
    i.SystemClock_Config                     0x08001d7e   Section        0  main.o(i.SystemClock_Config)
    i.SystemInit                             0x08001ddc   Section        0  system_stm32f1xx.o(i.SystemInit)
    i.UART1_SendByte                         0x08001de0   Section        0  main.o(i.UART1_SendByte)
    i.UART_SetConfig                         0x08001df4   Section        0  stm32f1xx_hal_uart.o(i.UART_SetConfig)
    UART_SetConfig                           0x08001df5   Thumb Code   178  stm32f1xx_hal_uart.o(i.UART_SetConfig)
    i.USART1_IRQHandler                      0x08001eac   Section        0  stm32f1xx_it.o(i.USART1_IRQHandler)
    i.UsageFault_Handler                     0x08001ec8   Section        0  stm32f1xx_it.o(i.UsageFault_Handler)
    i.WriteCmd                               0x08001ecc   Section        0  oled.o(i.WriteCmd)
    i.__NVIC_SetPriority                     0x08001f00   Section        0  stm32f1xx_hal_cortex.o(i.__NVIC_SetPriority)
    __NVIC_SetPriority                       0x08001f01   Thumb Code    32  stm32f1xx_hal_cortex.o(i.__NVIC_SetPriority)
    i.__scatterload_copy                     0x08001f20   Section       14  handlers.o(i.__scatterload_copy)
    i.__scatterload_null                     0x08001f2e   Section        2  handlers.o(i.__scatterload_null)
    i.__scatterload_zeroinit                 0x08001f30   Section       14  handlers.o(i.__scatterload_zeroinit)
    i.all_data_update                        0x08001f3e   Section        0  protocol.o(i.all_data_update)
    i.byte_to_int                            0x08001ff4   Section        0  mcu_api.o(i.byte_to_int)
    i.data_handle                            0x0800200c   Section        0  system.o(i.data_handle)
    i.dp_download_handle                     0x08002118   Section        0  protocol.o(i.dp_download_handle)
    i.get_check_sum                          0x08002218   Section        0  system.o(i.get_check_sum)
    i.get_download_cmd_total                 0x08002236   Section        0  protocol.o(i.get_download_cmd_total)
    i.main                                   0x0800223c   Section        0  main.o(i.main)
    i.mcu_dp_bool_update                     0x080023e4   Section        0  mcu_api.o(i.mcu_dp_bool_update)
    i.mcu_dp_enum_update                     0x0800242c   Section        0  mcu_api.o(i.mcu_dp_enum_update)
    i.mcu_dp_value_update                    0x0800246c   Section        0  mcu_api.o(i.mcu_dp_value_update)
    i.mcu_get_dp_download_bool               0x080024c0   Section        0  mcu_api.o(i.mcu_get_dp_download_bool)
    i.mcu_get_dp_download_enum               0x080024c4   Section        0  mcu_api.o(i.mcu_get_dp_download_enum)
    i.mcu_get_dp_download_value              0x080024c8   Section        0  mcu_api.o(i.mcu_get_dp_download_value)
    i.mcu_get_wifi_work_state                0x080024cc   Section        0  mcu_api.o(i.mcu_get_wifi_work_state)
    i.mcu_reset_wifi                         0x080024d8   Section        0  mcu_api.o(i.mcu_reset_wifi)
    i.my_memcpy                              0x080024ec   Section        0  mcu_api.o(i.my_memcpy)
    i.my_strlen                              0x08002528   Section        0  mcu_api.o(i.my_strlen)
    i.oled_pow                               0x0800253e   Section        0  oled.o(i.oled_pow)
    i.product_info_update                    0x08002550   Section        0  system.o(i.product_info_update)
    product_info_update                      0x08002551   Thumb Code   142  system.o(i.product_info_update)
    i.set_wifi_uart_buffer                   0x0800261c   Section        0  system.o(i.set_wifi_uart_buffer)
    i.set_wifi_uart_byte                     0x08002638   Section        0  system.o(i.set_wifi_uart_byte)
    i.take_byte_rxbuff                       0x08002648   Section        0  system.o(i.take_byte_rxbuff)
    i.uart_receive_input                     0x08002670   Section        0  mcu_api.o(i.uart_receive_input)
    i.uart_transmit_output                   0x080026ac   Section        0  protocol.o(i.uart_transmit_output)
    i.wifi_protocol_init                     0x080026b0   Section        0  mcu_api.o(i.wifi_protocol_init)
    i.wifi_test_result                       0x080026dc   Section        0  protocol.o(i.wifi_test_result)
    i.wifi_uart_service                      0x080026e0   Section        0  mcu_api.o(i.wifi_uart_service)
    i.wifi_uart_write_frame                  0x08002790   Section        0  system.o(i.wifi_uart_write_frame)
    i.with_data_rxbuff                       0x080027d4   Section        0  system.o(i.with_data_rxbuff)
    .constdata                               0x080027ec   Section     2072  oled.o(.constdata)
    .constdata                               0x08003004   Section       16  system_stm32f1xx.o(.constdata)
    .constdata                               0x08003014   Section        8  system_stm32f1xx.o(.constdata)
    .constdata                               0x0800301c   Section       44  protocol.o(.constdata)
    .data                                    0x20000000   Section      307  oled.o(.data)
    .data                                    0x20000134   Section       12  stm32f1xx_hal.o(.data)
    .data                                    0x20000140   Section        4  system_stm32f1xx.o(.data)
    .data                                    0x20000144   Section        2  mcu_api.o(.data)
    rx_in                                    0x20000144   Data           2  mcu_api.o(.data)
    .data                                    0x20000148   Section       12  system.o(.data)
    mcu_reset_state                          0x20000148   Data           1  system.o(.data)
    .data                                    0x20000154   Section        1  system.o(.data)
    .bss                                     0x20000158   Section      168  i2c.o(.bss)
    .bss                                     0x20000200   Section       64  usart.o(.bss)
    .bss                                     0x20000240   Section      109  system.o(.bss)
    STACK                                    0x200002b0   Section     1024  startup_stm32f103xb.o(STACK)

    Global Symbols

    Symbol Name                              Value     Ov Type        Size  Object(Section)

    BuildAttributes$$THM_ISAv4$P$D$K$B$S$PE$A:L22UL41UL21$X:L11$S22US41US21$IEEE1$IW$USESV6$~STKCKD$USESV7$~SHL$OTIME$ROPI$EBA8$MICROLIB$REQ8$PRES8$EABIv2 0x00000000   Number         0  anon$$obj.o ABSOLUTE
    __ARM_use_no_argv                        0x00000000   Number         0  main.o ABSOLUTE
    __arm_fini_                               - Undefined Weak Reference
    __cpp_initialize__aeabi_                  - Undefined Weak Reference
    __cxa_finalize                            - Undefined Weak Reference
    _clock_init                               - Undefined Weak Reference
    _microlib_exit                            - Undefined Weak Reference
    __Vectors_Size                           0x000000ec   Number         0  startup_stm32f103xb.o ABSOLUTE
    __Vectors                                0x08000000   Data           4  startup_stm32f103xb.o(RESET)
    __Vectors_End                            0x080000ec   Data           0  startup_stm32f103xb.o(RESET)
    __main                                   0x080000ed   Thumb Code     0  entry.o(.ARM.Collect$$$$00000000)
    _main_stk                                0x080000ed   Thumb Code     0  entry2.o(.ARM.Collect$$$$00000001)
    _main_scatterload                        0x080000f1   Thumb Code     0  entry5.o(.ARM.Collect$$$$00000004)
    __main_after_scatterload                 0x080000f5   Thumb Code     0  entry5.o(.ARM.Collect$$$$00000004)
    _main_clock                              0x080000f5   Thumb Code     0  entry7b.o(.ARM.Collect$$$$00000008)
    _main_cpp_init                           0x080000f5   Thumb Code     0  entry8b.o(.ARM.Collect$$$$0000000A)
    _main_init                               0x080000f5   Thumb Code     0  entry9a.o(.ARM.Collect$$$$0000000B)
    __rt_lib_shutdown_fini                   0x080000fd   Thumb Code     0  entry12b.o(.ARM.Collect$$$$0000000E)
    __rt_final_cpp                           0x08000101   Thumb Code     0  entry10a.o(.ARM.Collect$$$$0000000F)
    __rt_final_exit                          0x08000101   Thumb Code     0  entry11a.o(.ARM.Collect$$$$00000011)
    Reset_Handler                            0x08000105   Thumb Code     8  startup_stm32f103xb.o(.text)
    ADC1_2_IRQHandler                        0x0800011f   Thumb Code     0  startup_stm32f103xb.o(.text)
    CAN1_RX1_IRQHandler                      0x0800011f   Thumb Code     0  startup_stm32f103xb.o(.text)
    CAN1_SCE_IRQHandler                      0x0800011f   Thumb Code     0  startup_stm32f103xb.o(.text)
    DMA1_Channel1_IRQHandler                 0x0800011f   Thumb Code     0  startup_stm32f103xb.o(.text)
    DMA1_Channel2_IRQHandler                 0x0800011f   Thumb Code     0  startup_stm32f103xb.o(.text)
    DMA1_Channel3_IRQHandler                 0x0800011f   Thumb Code     0  startup_stm32f103xb.o(.text)
    DMA1_Channel4_IRQHandler                 0x0800011f   Thumb Code     0  startup_stm32f103xb.o(.text)
    DMA1_Channel5_IRQHandler                 0x0800011f   Thumb Code     0  startup_stm32f103xb.o(.text)
    DMA1_Channel6_IRQHandler                 0x0800011f   Thumb Code     0  startup_stm32f103xb.o(.text)
    DMA1_Channel7_IRQHandler                 0x0800011f   Thumb Code     0  startup_stm32f103xb.o(.text)
    EXTI0_IRQHandler                         0x0800011f   Thumb Code     0  startup_stm32f103xb.o(.text)
    EXTI15_10_IRQHandler                     0x0800011f   Thumb Code     0  startup_stm32f103xb.o(.text)
    EXTI1_IRQHandler                         0x0800011f   Thumb Code     0  startup_stm32f103xb.o(.text)
    EXTI3_IRQHandler                         0x0800011f   Thumb Code     0  startup_stm32f103xb.o(.text)
    EXTI4_IRQHandler                         0x0800011f   Thumb Code     0  startup_stm32f103xb.o(.text)
    EXTI9_5_IRQHandler                       0x0800011f   Thumb Code     0  startup_stm32f103xb.o(.text)
    FLASH_IRQHandler                         0x0800011f   Thumb Code     0  startup_stm32f103xb.o(.text)
    I2C1_ER_IRQHandler                       0x0800011f   Thumb Code     0  startup_stm32f103xb.o(.text)
    I2C1_EV_IRQHandler                       0x0800011f   Thumb Code     0  startup_stm32f103xb.o(.text)
    I2C2_ER_IRQHandler                       0x0800011f   Thumb Code     0  startup_stm32f103xb.o(.text)
    I2C2_EV_IRQHandler                       0x0800011f   Thumb Code     0  startup_stm32f103xb.o(.text)
    PVD_IRQHandler                           0x0800011f   Thumb Code     0  startup_stm32f103xb.o(.text)
    RCC_IRQHandler                           0x0800011f   Thumb Code     0  startup_stm32f103xb.o(.text)
    RTC_Alarm_IRQHandler                     0x0800011f   Thumb Code     0  startup_stm32f103xb.o(.text)
    RTC_IRQHandler                           0x0800011f   Thumb Code     0  startup_stm32f103xb.o(.text)
    SPI1_IRQHandler                          0x0800011f   Thumb Code     0  startup_stm32f103xb.o(.text)
    SPI2_IRQHandler                          0x0800011f   Thumb Code     0  startup_stm32f103xb.o(.text)
    TAMPER_IRQHandler                        0x0800011f   Thumb Code     0  startup_stm32f103xb.o(.text)
    TIM1_BRK_IRQHandler                      0x0800011f   Thumb Code     0  startup_stm32f103xb.o(.text)
    TIM1_CC_IRQHandler                       0x0800011f   Thumb Code     0  startup_stm32f103xb.o(.text)
    TIM1_TRG_COM_IRQHandler                  0x0800011f   Thumb Code     0  startup_stm32f103xb.o(.text)
    TIM1_UP_IRQHandler                       0x0800011f   Thumb Code     0  startup_stm32f103xb.o(.text)
    TIM2_IRQHandler                          0x0800011f   Thumb Code     0  startup_stm32f103xb.o(.text)
    TIM3_IRQHandler                          0x0800011f   Thumb Code     0  startup_stm32f103xb.o(.text)
    TIM4_IRQHandler                          0x0800011f   Thumb Code     0  startup_stm32f103xb.o(.text)
    USART2_IRQHandler                        0x0800011f   Thumb Code     0  startup_stm32f103xb.o(.text)
    USART3_IRQHandler                        0x0800011f   Thumb Code     0  startup_stm32f103xb.o(.text)
    USBWakeUp_IRQHandler                     0x0800011f   Thumb Code     0  startup_stm32f103xb.o(.text)
    USB_HP_CAN1_TX_IRQHandler                0x0800011f   Thumb Code     0  startup_stm32f103xb.o(.text)
    USB_LP_CAN1_RX0_IRQHandler               0x0800011f   Thumb Code     0  startup_stm32f103xb.o(.text)
    WWDG_IRQHandler                          0x0800011f   Thumb Code     0  startup_stm32f103xb.o(.text)
    __aeabi_memset                           0x08000129   Thumb Code    14  memseta.o(.text)
    __aeabi_memset4                          0x08000129   Thumb Code     0  memseta.o(.text)
    __aeabi_memset8                          0x08000129   Thumb Code     0  memseta.o(.text)
    __aeabi_memclr                           0x08000137   Thumb Code     4  memseta.o(.text)
    __aeabi_memclr4                          0x08000137   Thumb Code     0  memseta.o(.text)
    __aeabi_memclr8                          0x08000137   Thumb Code     0  memseta.o(.text)
    _memset$wrapper                          0x0800013b   Thumb Code    18  memseta.o(.text)
    __aeabi_fadd                             0x0800014d   Thumb Code   164  fadd.o(.text)
    __aeabi_fsub                             0x080001f1   Thumb Code     6  fadd.o(.text)
    __aeabi_frsub                            0x080001f7   Thumb Code     6  fadd.o(.text)
    __aeabi_fmul                             0x080001fd   Thumb Code   100  fmul.o(.text)
    __aeabi_fdiv                             0x08000261   Thumb Code   124  fdiv.o(.text)
    __aeabi_ui2f                             0x080002dd   Thumb Code    10  ffltui.o(.text)
    __aeabi_f2uiz                            0x080002e7   Thumb Code    40  ffixui.o(.text)
    __I$use$fp                               0x0800030f   Thumb Code     0  iusefp.o(.text)
    _float_round                             0x0800030f   Thumb Code    18  fepilogue.o(.text)
    _float_epilogue                          0x08000321   Thumb Code    92  fepilogue.o(.text)
    __scatterload                            0x0800037d   Thumb Code    28  init.o(.text)
    __scatterload_rt2                        0x0800037d   Thumb Code     0  init.o(.text)
    __decompress                             0x080003a1   Thumb Code     0  __dczerorl2.o(.text)
    __decompress1                            0x080003a1   Thumb Code    86  __dczerorl2.o(.text)
    BusFault_Handler                         0x080003f7   Thumb Code     2  stm32f1xx_it.o(i.BusFault_Handler)
    CheckCrc8                                0x080003f9   Thumb Code    48  main.o(i.CheckCrc8)
    DebugMon_Handler                         0x08000429   Thumb Code     2  stm32f1xx_it.o(i.DebugMon_Handler)
    EXTI2_IRQHandler                         0x0800042b   Thumb Code     6  stm32f1xx_it.o(i.EXTI2_IRQHandler)
    Error_Handler                            0x08000431   Thumb Code     4  main.o(i.Error_Handler)
    HAL_Delay                                0x08000435   Thumb Code    32  stm32f1xx_hal.o(i.HAL_Delay)
    HAL_GPIO_EXTI_Callback                   0x08000459   Thumb Code    22  gpio.o(i.HAL_GPIO_EXTI_Callback)
    HAL_GPIO_EXTI_IRQHandler                 0x08000471   Thumb Code    18  stm32f1xx_hal_gpio.o(i.HAL_GPIO_EXTI_IRQHandler)
    HAL_GPIO_Init                            0x08000489   Thumb Code   446  stm32f1xx_hal_gpio.o(i.HAL_GPIO_Init)
    HAL_GPIO_TogglePin                       0x08000669   Thumb Code    16  stm32f1xx_hal_gpio.o(i.HAL_GPIO_TogglePin)
    HAL_GPIO_WritePin                        0x08000679   Thumb Code    10  stm32f1xx_hal_gpio.o(i.HAL_GPIO_WritePin)
    HAL_GetTick                              0x08000685   Thumb Code     6  stm32f1xx_hal.o(i.HAL_GetTick)
    HAL_I2C_Init                             0x08000691   Thumb Code   376  stm32f1xx_hal_i2c.o(i.HAL_I2C_Init)
    HAL_I2C_Master_Receive                   0x08000819   Thumb Code   564  stm32f1xx_hal_i2c.o(i.HAL_I2C_Master_Receive)
    HAL_I2C_Master_Transmit                  0x08000a5d   Thumb Code   290  stm32f1xx_hal_i2c.o(i.HAL_I2C_Master_Transmit)
    HAL_I2C_Mem_Write                        0x08000b89   Thumb Code   294  stm32f1xx_hal_i2c.o(i.HAL_I2C_Mem_Write)
    HAL_I2C_MspInit                          0x08000cb9   Thumb Code   124  i2c.o(i.HAL_I2C_MspInit)
    HAL_IncTick                              0x08000d45   Thumb Code    12  stm32f1xx_hal.o(i.HAL_IncTick)
    HAL_Init                                 0x08000d55   Thumb Code    32  stm32f1xx_hal.o(i.HAL_Init)
    HAL_InitTick                             0x08000d79   Thumb Code    54  stm32f1xx_hal.o(i.HAL_InitTick)
    HAL_MspInit                              0x08000db9   Thumb Code    52  stm32f1xx_hal_msp.o(i.HAL_MspInit)
    HAL_NVIC_EnableIRQ                       0x08000df5   Thumb Code    26  stm32f1xx_hal_cortex.o(i.HAL_NVIC_EnableIRQ)
    HAL_NVIC_SetPriority                     0x08000e11   Thumb Code    60  stm32f1xx_hal_cortex.o(i.HAL_NVIC_SetPriority)
    HAL_NVIC_SetPriorityGrouping             0x08000e51   Thumb Code    26  stm32f1xx_hal_cortex.o(i.HAL_NVIC_SetPriorityGrouping)
    HAL_RCC_ClockConfig                      0x08000e75   Thumb Code   280  stm32f1xx_hal_rcc.o(i.HAL_RCC_ClockConfig)
    HAL_RCC_GetPCLK1Freq                     0x08000fa1   Thumb Code    20  stm32f1xx_hal_rcc.o(i.HAL_RCC_GetPCLK1Freq)
    HAL_RCC_GetPCLK2Freq                     0x08000fc1   Thumb Code    20  stm32f1xx_hal_rcc.o(i.HAL_RCC_GetPCLK2Freq)
    HAL_RCC_GetSysClockFreq                  0x08000fe1   Thumb Code    74  stm32f1xx_hal_rcc.o(i.HAL_RCC_GetSysClockFreq)
    HAL_RCC_OscConfig                        0x0800104d   Thumb Code   778  stm32f1xx_hal_rcc.o(i.HAL_RCC_OscConfig)
    HAL_SYSTICK_Config                       0x0800136d   Thumb Code    40  stm32f1xx_hal_cortex.o(i.HAL_SYSTICK_Config)
    HAL_UART_Init                            0x08001395   Thumb Code    98  stm32f1xx_hal_uart.o(i.HAL_UART_Init)
    HAL_UART_MspInit                         0x080013f9   Thumb Code   116  usart.o(i.HAL_UART_MspInit)
    HardFault_Handler                        0x08001479   Thumb Code     2  stm32f1xx_it.o(i.HardFault_Handler)
    MX_GPIO_Init                             0x080018d5   Thumb Code   160  gpio.o(i.MX_GPIO_Init)
    MX_I2C1_Init                             0x08001981   Thumb Code    50  i2c.o(i.MX_I2C1_Init)
    MX_I2C2_Init                             0x080019c1   Thumb Code    50  i2c.o(i.MX_I2C2_Init)
    MX_USART1_UART_Init                      0x08001a01   Thumb Code    48  usart.o(i.MX_USART1_UART_Init)
    MemManage_Handler                        0x08001a39   Thumb Code     2  stm32f1xx_it.o(i.MemManage_Handler)
    NMI_Handler                              0x08001a3b   Thumb Code     2  stm32f1xx_it.o(i.NMI_Handler)
    OLED_Clear                               0x08001a3d   Thumb Code    52  oled.o(i.OLED_Clear)
    OLED_Init                                0x08001a71   Thumb Code    16  oled.o(i.OLED_Init)
    OLED_Set_Pos                             0x08001a81   Thumb Code    34  oled.o(i.OLED_Set_Pos)
    OLED_ShowCHineseWord                     0x08001aa5   Thumb Code   140  oled.o(i.OLED_ShowCHineseWord)
    OLED_ShowChar                            0x08001b35   Thumb Code   126  oled.o(i.OLED_ShowChar)
    OLED_ShowNum                             0x08001bbd   Thumb Code   106  oled.o(i.OLED_ShowNum)
    OLED_ShowString                          0x08001c27   Thumb Code    54  oled.o(i.OLED_ShowString)
    OLED_WR_CMD                              0x08001c5d   Thumb Code    32  oled.o(i.OLED_WR_CMD)
    OLED_WR_DATA                             0x08001c81   Thumb Code    32  oled.o(i.OLED_WR_DATA)
    PendSV_Handler                           0x08001ca5   Thumb Code     2  stm32f1xx_it.o(i.PendSV_Handler)
    SHT30_Dat_To_Float                       0x08001ca9   Thumb Code   100  main.o(i.SHT30_Dat_To_Float)
    SHT30_Read_Dat                           0x08001d1d   Thumb Code    32  main.o(i.SHT30_Read_Dat)
    SHT30_Reset                              0x08001d41   Thumb Code    20  main.o(i.SHT30_Reset)
    SVC_Handler                              0x08001d79   Thumb Code     2  stm32f1xx_it.o(i.SVC_Handler)
    SysTick_Handler                          0x08001d7b   Thumb Code     4  stm32f1xx_it.o(i.SysTick_Handler)
    SystemClock_Config                       0x08001d7f   Thumb Code    94  main.o(i.SystemClock_Config)
    SystemInit                               0x08001ddd   Thumb Code     2  system_stm32f1xx.o(i.SystemInit)
    UART1_SendByte                           0x08001de1   Thumb Code    16  main.o(i.UART1_SendByte)
    USART1_IRQHandler                        0x08001ead   Thumb Code    22  stm32f1xx_it.o(i.USART1_IRQHandler)
    UsageFault_Handler                       0x08001ec9   Thumb Code     2  stm32f1xx_it.o(i.UsageFault_Handler)
    WriteCmd                                 0x08001ecd   Thumb Code    42  oled.o(i.WriteCmd)
    __scatterload_copy                       0x08001f21   Thumb Code    14  handlers.o(i.__scatterload_copy)
    __scatterload_null                       0x08001f2f   Thumb Code     2  handlers.o(i.__scatterload_null)
    __scatterload_zeroinit                   0x08001f31   Thumb Code    14  handlers.o(i.__scatterload_zeroinit)
    all_data_update                          0x08001f3f   Thumb Code   182  protocol.o(i.all_data_update)
    byte_to_int                              0x08001ff5   Thumb Code    22  mcu_api.o(i.byte_to_int)
    data_handle                              0x0800200d   Thumb Code   254  system.o(i.data_handle)
    dp_download_handle                       0x08002119   Thumb Code   254  protocol.o(i.dp_download_handle)
    get_check_sum                            0x08002219   Thumb Code    30  system.o(i.get_check_sum)
    get_download_cmd_total                   0x08002237   Thumb Code     4  protocol.o(i.get_download_cmd_total)
    main                                     0x0800223d   Thumb Code   360  main.o(i.main)
    mcu_dp_bool_update                       0x080023e5   Thumb Code    66  mcu_api.o(i.mcu_dp_bool_update)
    mcu_dp_enum_update                       0x0800242d   Thumb Code    58  mcu_api.o(i.mcu_dp_enum_update)
    mcu_dp_value_update                      0x0800246d   Thumb Code    80  mcu_api.o(i.mcu_dp_value_update)
    mcu_get_dp_download_bool                 0x080024c1   Thumb Code     4  mcu_api.o(i.mcu_get_dp_download_bool)
    mcu_get_dp_download_enum                 0x080024c5   Thumb Code     4  mcu_api.o(i.mcu_get_dp_download_enum)
    mcu_get_dp_download_value                0x080024c9   Thumb Code     4  mcu_api.o(i.mcu_get_dp_download_value)
    mcu_get_wifi_work_state                  0x080024cd   Thumb Code     6  mcu_api.o(i.mcu_get_wifi_work_state)
    mcu_reset_wifi                           0x080024d9   Thumb Code    16  mcu_api.o(i.mcu_reset_wifi)
    my_memcpy                                0x080024ed   Thumb Code    60  mcu_api.o(i.my_memcpy)
    my_strlen                                0x08002529   Thumb Code    22  mcu_api.o(i.my_strlen)
    oled_pow                                 0x0800253f   Thumb Code    16  oled.o(i.oled_pow)
    set_wifi_uart_buffer                     0x0800261d   Thumb Code    22  system.o(i.set_wifi_uart_buffer)
    set_wifi_uart_byte                       0x08002639   Thumb Code    12  system.o(i.set_wifi_uart_byte)
    take_byte_rxbuff                         0x08002649   Thumb Code    30  system.o(i.take_byte_rxbuff)
    uart_receive_input                       0x08002671   Thumb Code    46  mcu_api.o(i.uart_receive_input)
    uart_transmit_output                     0x080026ad   Thumb Code     4  protocol.o(i.uart_transmit_output)
    wifi_protocol_init                       0x080026b1   Thumb Code    24  mcu_api.o(i.wifi_protocol_init)
    wifi_test_result                         0x080026dd   Thumb Code     2  protocol.o(i.wifi_test_result)
    wifi_uart_service                        0x080026e1   Thumb Code   166  mcu_api.o(i.wifi_uart_service)
    wifi_uart_write_frame                    0x08002791   Thumb Code    64  system.o(i.wifi_uart_write_frame)
    with_data_rxbuff                         0x080027d5   Thumb Code    18  system.o(i.with_data_rxbuff)
    F6x8                                     0x080027ec   Data         552  oled.o(.constdata)
    F8x16                                    0x08002a14   Data        1520  oled.o(.constdata)
    AHBPrescTable                            0x08003004   Data          16  system_stm32f1xx.o(.constdata)
    APBPrescTable                            0x08003014   Data           8  system_stm32f1xx.o(.constdata)
    download_cmd                             0x0800301c   Data          44  protocol.o(.constdata)
    Region$$Table$$Base                      0x08003048   Number         0  anon$$obj.o(Region$$Table)
    Region$$Table$$Limit                     0x08003068   Number         0  anon$$obj.o(Region$$Table)
    Hzk                                      0x20000000   Data         280  oled.o(.data)
    CMD_Data                                 0x20000118   Data          27  oled.o(.data)
    uwTickFreq                               0x20000134   Data           1  stm32f1xx_hal.o(.data)
    uwTickPrio                               0x20000138   Data           4  stm32f1xx_hal.o(.data)
    uwTick                                   0x2000013c   Data           4  stm32f1xx_hal.o(.data)
    SystemCoreClock                          0x20000140   Data           4  system_stm32f1xx.o(.data)
    reset_wifi_flag                          0x20000149   Data           1  system.o(.data)
    set_wifimode_flag                        0x2000014a   Data           1  system.o(.data)
    wifi_work_state                          0x2000014b   Data           1  system.o(.data)
    rx_buf_in                                0x2000014c   Data           4  system.o(.data)
    rx_buf_out                               0x20000150   Data           4  system.o(.data)
    stop_update_flag                         0x20000154   Data           1  system.o(.data)
    hi2c1                                    0x20000158   Data          84  i2c.o(.bss)
    hi2c2                                    0x200001ac   Data          84  i2c.o(.bss)
    huart1                                   0x20000200   Data          64  usart.o(.bss)
    wifi_data_process_buf                    0x20000240   Data          31  system.o(.bss)
    wifi_uart_rx_buf                         0x2000025f   Data          23  system.o(.bss)
    wifi_uart_tx_buf                         0x20000276   Data          55  system.o(.bss)
    __initial_sp                             0x200006b0   Data           0  startup_stm32f103xb.o(STACK)



==============================================================================

Memory Map of the image

  Image Entry point : 0x080000ed

  Load Region LR_IROM1 (Base: 0x08000000, Size: 0x000031c0, Max: 0x00010000, ABSOLUTE, COMPRESSED[0x0000317c])

    Execution Region ER_IROM1 (Exec base: 0x08000000, Load base: 0x08000000, Size: 0x00003068, Max: 0x00010000, ABSOLUTE)

    Exec Addr    Load Addr    Size         Type   Attr      Idx    E Section Name        Object

    0x08000000   0x08000000   0x000000ec   Data   RO            3    RESET               startup_stm32f103xb.o
    0x080000ec   0x080000ec   0x00000000   Code   RO         2706  * .ARM.Collect$$$$00000000  mc_w.l(entry.o)
    0x080000ec   0x080000ec   0x00000004   Code   RO         2723    .ARM.Collect$$$$00000001  mc_w.l(entry2.o)
    0x080000f0   0x080000f0   0x00000004   Code   RO         2726    .ARM.Collect$$$$00000004  mc_w.l(entry5.o)
    0x080000f4   0x080000f4   0x00000000   Code   RO         2728    .ARM.Collect$$$$00000008  mc_w.l(entry7b.o)
    0x080000f4   0x080000f4   0x00000000   Code   RO         2730    .ARM.Collect$$$$0000000A  mc_w.l(entry8b.o)
    0x080000f4   0x080000f4   0x00000008   Code   RO         2731    .ARM.Collect$$$$0000000B  mc_w.l(entry9a.o)
    0x080000fc   0x080000fc   0x00000004   Code   RO         2738    .ARM.Collect$$$$0000000E  mc_w.l(entry12b.o)
    0x08000100   0x08000100   0x00000000   Code   RO         2733    .ARM.Collect$$$$0000000F  mc_w.l(entry10a.o)
    0x08000100   0x08000100   0x00000000   Code   RO         2735    .ARM.Collect$$$$00000011  mc_w.l(entry11a.o)
    0x08000100   0x08000100   0x00000004   Code   RO         2724    .ARM.Collect$$$$00002712  mc_w.l(entry2.o)
    0x08000104   0x08000104   0x00000024   Code   RO            4    .text               startup_stm32f103xb.o
    0x08000128   0x08000128   0x00000024   Code   RO         2711    .text               mc_w.l(memseta.o)
    0x0800014c   0x0800014c   0x000000b0   Code   RO         2713    .text               mf_w.l(fadd.o)
    0x080001fc   0x080001fc   0x00000064   Code   RO         2715    .text               mf_w.l(fmul.o)
    0x08000260   0x08000260   0x0000007c   Code   RO         2717    .text               mf_w.l(fdiv.o)
    0x080002dc   0x080002dc   0x0000000a   Code   RO         2719    .text               mf_w.l(ffltui.o)
    0x080002e6   0x080002e6   0x00000028   Code   RO         2721    .text               mf_w.l(ffixui.o)
    0x0800030e   0x0800030e   0x00000000   Code   RO         2739    .text               mc_w.l(iusefp.o)
    0x0800030e   0x0800030e   0x0000006e   Code   RO         2740    .text               mf_w.l(fepilogue.o)
    0x0800037c   0x0800037c   0x00000024   Code   RO         2742    .text               mc_w.l(init.o)
    0x080003a0   0x080003a0   0x00000056   Code   RO         2752    .text               mc_w.l(__dczerorl2.o)
    0x080003f6   0x080003f6   0x00000002   Code   RO          336    i.BusFault_Handler  stm32f1xx_it.o
    0x080003f8   0x080003f8   0x00000030   Code   RO           13    i.CheckCrc8         main.o
    0x08000428   0x08000428   0x00000002   Code   RO          337    i.DebugMon_Handler  stm32f1xx_it.o
    0x0800042a   0x0800042a   0x00000006   Code   RO          338    i.EXTI2_IRQHandler  stm32f1xx_it.o
    0x08000430   0x08000430   0x00000004   Code   RO           14    i.Error_Handler     main.o
    0x08000434   0x08000434   0x00000024   Code   RO         1040    i.HAL_Delay         stm32f1xx_hal.o
    0x08000458   0x08000458   0x00000016   Code   RO          210    i.HAL_GPIO_EXTI_Callback  gpio.o
    0x0800046e   0x0800046e   0x00000002   PAD
    0x08000470   0x08000470   0x00000018   Code   RO         1347    i.HAL_GPIO_EXTI_IRQHandler  stm32f1xx_hal_gpio.o
    0x08000488   0x08000488   0x000001e0   Code   RO         1348    i.HAL_GPIO_Init     stm32f1xx_hal_gpio.o
    0x08000668   0x08000668   0x00000010   Code   RO         1351    i.HAL_GPIO_TogglePin  stm32f1xx_hal_gpio.o
    0x08000678   0x08000678   0x0000000a   Code   RO         1352    i.HAL_GPIO_WritePin  stm32f1xx_hal_gpio.o
    0x08000682   0x08000682   0x00000002   PAD
    0x08000684   0x08000684   0x0000000c   Code   RO         1044    i.HAL_GetTick       stm32f1xx_hal.o
    0x08000690   0x08000690   0x00000188   Code   RO          617    i.HAL_I2C_Init      stm32f1xx_hal_i2c.o
    0x08000818   0x08000818   0x00000244   Code   RO          623    i.HAL_I2C_Master_Receive  stm32f1xx_hal_i2c.o
    0x08000a5c   0x08000a5c   0x0000012c   Code   RO          630    i.HAL_I2C_Master_Transmit  stm32f1xx_hal_i2c.o
    0x08000b88   0x08000b88   0x00000130   Code   RO          638    i.HAL_I2C_Mem_Write  stm32f1xx_hal_i2c.o
    0x08000cb8   0x08000cb8   0x0000008c   Code   RO          241    i.HAL_I2C_MspInit   i2c.o
    0x08000d44   0x08000d44   0x00000010   Code   RO         1050    i.HAL_IncTick       stm32f1xx_hal.o
    0x08000d54   0x08000d54   0x00000024   Code   RO         1051    i.HAL_Init          stm32f1xx_hal.o
    0x08000d78   0x08000d78   0x00000040   Code   RO         1052    i.HAL_InitTick      stm32f1xx_hal.o
    0x08000db8   0x08000db8   0x0000003c   Code   RO          424    i.HAL_MspInit       stm32f1xx_hal_msp.o
    0x08000df4   0x08000df4   0x0000001a   Code   RO         1508    i.HAL_NVIC_EnableIRQ  stm32f1xx_hal_cortex.o
    0x08000e0e   0x08000e0e   0x00000002   PAD
    0x08000e10   0x08000e10   0x00000040   Code   RO         1514    i.HAL_NVIC_SetPriority  stm32f1xx_hal_cortex.o
    0x08000e50   0x08000e50   0x00000024   Code   RO         1515    i.HAL_NVIC_SetPriorityGrouping  stm32f1xx_hal_cortex.o
    0x08000e74   0x08000e74   0x0000012c   Code   RO         1208    i.HAL_RCC_ClockConfig  stm32f1xx_hal_rcc.o
    0x08000fa0   0x08000fa0   0x00000020   Code   RO         1215    i.HAL_RCC_GetPCLK1Freq  stm32f1xx_hal_rcc.o
    0x08000fc0   0x08000fc0   0x00000020   Code   RO         1216    i.HAL_RCC_GetPCLK2Freq  stm32f1xx_hal_rcc.o
    0x08000fe0   0x08000fe0   0x0000006c   Code   RO         1217    i.HAL_RCC_GetSysClockFreq  stm32f1xx_hal_rcc.o
    0x0800104c   0x0800104c   0x00000320   Code   RO         1220    i.HAL_RCC_OscConfig  stm32f1xx_hal_rcc.o
    0x0800136c   0x0800136c   0x00000028   Code   RO         1519    i.HAL_SYSTICK_Config  stm32f1xx_hal_cortex.o
    0x08001394   0x08001394   0x00000062   Code   RO         2069    i.HAL_UART_Init     stm32f1xx_hal_uart.o
    0x080013f6   0x080013f6   0x00000002   PAD
    0x080013f8   0x080013f8   0x00000080   Code   RO          289    i.HAL_UART_MspInit  usart.o
    0x08001478   0x08001478   0x00000002   Code   RO          339    i.HardFault_Handler  stm32f1xx_it.o
    0x0800147a   0x0800147a   0x0000002e   Code   RO          659    i.I2C_IsAcknowledgeFailed  stm32f1xx_hal_i2c.o
    0x080014a8   0x080014a8   0x000000ec   Code   RO          662    i.I2C_MasterRequestRead  stm32f1xx_hal_i2c.o
    0x08001594   0x08001594   0x0000009c   Code   RO          663    i.I2C_MasterRequestWrite  stm32f1xx_hal_i2c.o
    0x08001630   0x08001630   0x000000a8   Code   RO          670    i.I2C_RequestMemoryWrite  stm32f1xx_hal_i2c.o
    0x080016d8   0x080016d8   0x0000004c   Code   RO          673    i.I2C_WaitOnBTFFlagUntilTimeout  stm32f1xx_hal_i2c.o
    0x08001724   0x08001724   0x00000068   Code   RO          674    i.I2C_WaitOnFlagUntilTimeout  stm32f1xx_hal_i2c.o
    0x0800178c   0x0800178c   0x00000096   Code   RO          675    i.I2C_WaitOnMasterAddressFlagUntilTimeout  stm32f1xx_hal_i2c.o
    0x08001822   0x08001822   0x00000066   Code   RO          676    i.I2C_WaitOnRXNEFlagUntilTimeout  stm32f1xx_hal_i2c.o
    0x08001888   0x08001888   0x0000004c   Code   RO          677    i.I2C_WaitOnTXEFlagUntilTimeout  stm32f1xx_hal_i2c.o
    0x080018d4   0x080018d4   0x000000ac   Code   RO          211    i.MX_GPIO_Init      gpio.o
    0x08001980   0x08001980   0x00000040   Code   RO          242    i.MX_I2C1_Init      i2c.o
    0x080019c0   0x080019c0   0x00000040   Code   RO          243    i.MX_I2C2_Init      i2c.o
    0x08001a00   0x08001a00   0x00000038   Code   RO          290    i.MX_USART1_UART_Init  usart.o
    0x08001a38   0x08001a38   0x00000002   Code   RO          340    i.MemManage_Handler  stm32f1xx_it.o
    0x08001a3a   0x08001a3a   0x00000002   Code   RO          341    i.NMI_Handler       stm32f1xx_it.o
    0x08001a3c   0x08001a3c   0x00000034   Code   RO          448    i.OLED_Clear        oled.o
    0x08001a70   0x08001a70   0x00000010   Code   RO          452    i.OLED_Init         oled.o
    0x08001a80   0x08001a80   0x00000022   Code   RO          454    i.OLED_Set_Pos      oled.o
    0x08001aa2   0x08001aa2   0x00000002   PAD
    0x08001aa4   0x08001aa4   0x00000090   Code   RO          455    i.OLED_ShowCHineseWord  oled.o
    0x08001b34   0x08001b34   0x00000088   Code   RO          456    i.OLED_ShowChar     oled.o
    0x08001bbc   0x08001bbc   0x0000006a   Code   RO          457    i.OLED_ShowNum      oled.o
    0x08001c26   0x08001c26   0x00000036   Code   RO          458    i.OLED_ShowString   oled.o
    0x08001c5c   0x08001c5c   0x00000024   Code   RO          460    i.OLED_WR_CMD       oled.o
    0x08001c80   0x08001c80   0x00000024   Code   RO          461    i.OLED_WR_DATA      oled.o
    0x08001ca4   0x08001ca4   0x00000002   Code   RO          342    i.PendSV_Handler    stm32f1xx_it.o
    0x08001ca6   0x08001ca6   0x00000002   PAD
    0x08001ca8   0x08001ca8   0x00000074   Code   RO           15    i.SHT30_Dat_To_Float  main.o
    0x08001d1c   0x08001d1c   0x00000024   Code   RO           17    i.SHT30_Read_Dat    main.o
    0x08001d40   0x08001d40   0x00000014   Code   RO           18    i.SHT30_Reset       main.o
    0x08001d54   0x08001d54   0x00000024   Code   RO           19    i.SHT30_Send_Cmd    main.o
    0x08001d78   0x08001d78   0x00000002   Code   RO          343    i.SVC_Handler       stm32f1xx_it.o
    0x08001d7a   0x08001d7a   0x00000004   Code   RO          344    i.SysTick_Handler   stm32f1xx_it.o
    0x08001d7e   0x08001d7e   0x0000005e   Code   RO           20    i.SystemClock_Config  main.o
    0x08001ddc   0x08001ddc   0x00000002   Code   RO         2366    i.SystemInit        system_stm32f1xx.o
    0x08001dde   0x08001dde   0x00000002   PAD
    0x08001de0   0x08001de0   0x00000014   Code   RO           21    i.UART1_SendByte    main.o
    0x08001df4   0x08001df4   0x000000b8   Code   RO         2095    i.UART_SetConfig    stm32f1xx_hal_uart.o
    0x08001eac   0x08001eac   0x0000001c   Code   RO          345    i.USART1_IRQHandler  stm32f1xx_it.o
    0x08001ec8   0x08001ec8   0x00000002   Code   RO          346    i.UsageFault_Handler  stm32f1xx_it.o
    0x08001eca   0x08001eca   0x00000002   PAD
    0x08001ecc   0x08001ecc   0x00000034   Code   RO          462    i.WriteCmd          oled.o
    0x08001f00   0x08001f00   0x00000020   Code   RO         1521    i.__NVIC_SetPriority  stm32f1xx_hal_cortex.o
    0x08001f20   0x08001f20   0x0000000e   Code   RO         2746    i.__scatterload_copy  mc_w.l(handlers.o)
    0x08001f2e   0x08001f2e   0x00000002   Code   RO         2747    i.__scatterload_null  mc_w.l(handlers.o)
    0x08001f30   0x08001f30   0x0000000e   Code   RO         2748    i.__scatterload_zeroinit  mc_w.l(handlers.o)
    0x08001f3e   0x08001f3e   0x000000b6   Code   RO         2587    i.all_data_update   protocol.o
    0x08001ff4   0x08001ff4   0x00000016   Code   RO         2403    i.byte_to_int       mcu_api.o
    0x0800200a   0x0800200a   0x00000002   PAD
    0x0800200c   0x0800200c   0x0000010c   Code   RO         2638    i.data_handle       system.o
    0x08002118   0x08002118   0x000000fe   Code   RO         2588    i.dp_download_handle  protocol.o
    0x08002216   0x08002216   0x00000002   PAD
    0x08002218   0x08002218   0x0000001e   Code   RO         2639    i.get_check_sum     system.o
    0x08002236   0x08002236   0x00000004   Code   RO         2589    i.get_download_cmd_total  protocol.o
    0x0800223a   0x0800223a   0x00000002   PAD
    0x0800223c   0x0800223c   0x000001a8   Code   RO           22    i.main              main.o
    0x080023e4   0x080023e4   0x00000048   Code   RO         2406    i.mcu_dp_bool_update  mcu_api.o
    0x0800242c   0x0800242c   0x00000040   Code   RO         2407    i.mcu_dp_enum_update  mcu_api.o
    0x0800246c   0x0800246c   0x00000054   Code   RO         2411    i.mcu_dp_value_update  mcu_api.o
    0x080024c0   0x080024c0   0x00000004   Code   RO         2412    i.mcu_get_dp_download_bool  mcu_api.o
    0x080024c4   0x080024c4   0x00000004   Code   RO         2413    i.mcu_get_dp_download_enum  mcu_api.o
    0x080024c8   0x080024c8   0x00000004   Code   RO         2414    i.mcu_get_dp_download_value  mcu_api.o
    0x080024cc   0x080024cc   0x0000000c   Code   RO         2416    i.mcu_get_wifi_work_state  mcu_api.o
    0x080024d8   0x080024d8   0x00000014   Code   RO         2418    i.mcu_reset_wifi    mcu_api.o
    0x080024ec   0x080024ec   0x0000003c   Code   RO         2421    i.my_memcpy         mcu_api.o
    0x08002528   0x08002528   0x00000016   Code   RO         2425    i.my_strlen         mcu_api.o
    0x0800253e   0x0800253e   0x00000010   Code   RO          463    i.oled_pow          oled.o
    0x0800254e   0x0800254e   0x00000002   PAD
    0x08002550   0x08002550   0x000000cc   Code   RO         2640    i.product_info_update  system.o
    0x0800261c   0x0800261c   0x0000001c   Code   RO         2641    i.set_wifi_uart_buffer  system.o
    0x08002638   0x08002638   0x00000010   Code   RO         2642    i.set_wifi_uart_byte  system.o
    0x08002648   0x08002648   0x00000028   Code   RO         2643    i.take_byte_rxbuff  system.o
    0x08002670   0x08002670   0x0000003c   Code   RO         2427    i.uart_receive_input  mcu_api.o
    0x080026ac   0x080026ac   0x00000004   Code   RO         2590    i.uart_transmit_output  protocol.o
    0x080026b0   0x080026b0   0x0000002c   Code   RO         2428    i.wifi_protocol_init  mcu_api.o
    0x080026dc   0x080026dc   0x00000002   Code   RO         2591    i.wifi_test_result  protocol.o
    0x080026de   0x080026de   0x00000002   PAD
    0x080026e0   0x080026e0   0x000000b0   Code   RO         2429    i.wifi_uart_service  mcu_api.o
    0x08002790   0x08002790   0x00000044   Code   RO         2644    i.wifi_uart_write_frame  system.o
    0x080027d4   0x080027d4   0x00000018   Code   RO         2645    i.with_data_rxbuff  system.o
    0x080027ec   0x080027ec   0x00000818   Data   RO          464    .constdata          oled.o
    0x08003004   0x08003004   0x00000010   Data   RO         2367    .constdata          system_stm32f1xx.o
    0x08003014   0x08003014   0x00000008   Data   RO         2368    .constdata          system_stm32f1xx.o
    0x0800301c   0x0800301c   0x0000002c   Data   RO         2592    .constdata          protocol.o
    0x08003048   0x08003048   0x00000020   Data   RO         2744    Region$$Table       anon$$obj.o


    Execution Region RW_IRAM1 (Exec base: 0x20000000, Load base: 0x08003068, Size: 0x000006b0, Max: 0x00005000, ABSOLUTE, COMPRESSED[0x00000114])

    Exec Addr    Load Addr    Size         Type   Attr      Idx    E Section Name        Object

    0x20000000   COMPRESSED   0x00000133   Data   RW          465    .data               oled.o
    0x20000133   COMPRESSED   0x00000001   PAD
    0x20000134   COMPRESSED   0x0000000c   Data   RW         1058    .data               stm32f1xx_hal.o
    0x20000140   COMPRESSED   0x00000004   Data   RW         2369    .data               system_stm32f1xx.o
    0x20000144   COMPRESSED   0x00000002   Data   RW         2430    .data               mcu_api.o
    0x20000146   COMPRESSED   0x00000002   PAD
    0x20000148   COMPRESSED   0x0000000c   Data   RW         2647    .data               system.o
    0x20000154   COMPRESSED   0x00000001   Data   RW         2648    .data               system.o
    0x20000155   COMPRESSED   0x00000003   PAD
    0x20000158        -       0x000000a8   Zero   RW          244    .bss                i2c.o
    0x20000200        -       0x00000040   Zero   RW          292    .bss                usart.o
    0x20000240        -       0x0000006d   Zero   RW         2646    .bss                system.o
    0x200002ad   COMPRESSED   0x00000003   PAD
    0x200002b0        -       0x00000400   Zero   RW            1    STACK               startup_stm32f103xb.o


==============================================================================

Image component sizes


      Code (inc. data)   RO Data    RW Data    ZI Data      Debug   Object Name

       194         12          0          0          0       1404   gpio.o
       268         44          0          0        168       2082   i2c.o
       798         92          0          0          0     407250   main.o
       648         70          0          2          0       8253   mcu_api.o
       682         32       2072        307          0       7264   oled.o
       446         18         44          0          0       6325   protocol.o
        36          8        236          0       1024        776   startup_stm32f103xb.o
       164         28          0         12          0       5689   stm32f1xx_hal.o
       198         14          0          0          0      28791   stm32f1xx_hal_cortex.o
       530         40          0          0          0       3964   stm32f1xx_hal_gpio.o
      2690         70          0          0          0      14210   stm32f1xx_hal_i2c.o
        60          8          0          0          0        794   stm32f1xx_hal_msp.o
      1272        100          0          0          0       5044   stm32f1xx_hal_rcc.o
       282          6          0          0          0       1836   stm32f1xx_hal_uart.o
        54          6          0          0          0       4417   stm32f1xx_it.o
       678        122          0         13        109       7899   system.o
         2          0         24          4          0       1015   system_stm32f1xx.o
       184         20          0          0         64       1602   usart.o

    ----------------------------------------------------------------------
      9212        690       2408        344       1368     508615   Object Totals
         0          0         32          0          0          0   (incl. Generated)
        26          0          0          6          3          0   (incl. Padding)

    ----------------------------------------------------------------------

      Code (inc. data)   RO Data    RW Data    ZI Data      Debug   Library Member Name

        86          0          0          0          0          0   __dczerorl2.o
         0          0          0          0          0          0   entry.o
         0          0          0          0          0          0   entry10a.o
         0          0          0          0          0          0   entry11a.o
         4          0          0          0          0          0   entry12b.o
         8          4          0          0          0          0   entry2.o
         4          0          0          0          0          0   entry5.o
         0          0          0          0          0          0   entry7b.o
         0          0          0          0          0          0   entry8b.o
         8          4          0          0          0          0   entry9a.o
        30          0          0          0          0          0   handlers.o
        36          8          0          0          0         68   init.o
         0          0          0          0          0          0   iusefp.o
        36          0          0          0          0        108   memseta.o
       176          0          0          0          0        140   fadd.o
       124          0          0          0          0         88   fdiv.o
       110          0          0          0          0        168   fepilogue.o
        40          0          0          0          0         68   ffixui.o
        10          0          0          0          0         68   ffltui.o
       100          0          0          0          0         76   fmul.o

    ----------------------------------------------------------------------
       772         16          0          0          0        784   Library Totals
         0          0          0          0          0          0   (incl. Padding)

    ----------------------------------------------------------------------

      Code (inc. data)   RO Data    RW Data    ZI Data      Debug   Library Name

       212         16          0          0          0        176   mc_w.l
       560          0          0          0          0        608   mf_w.l

    ----------------------------------------------------------------------
       772         16          0          0          0        784   Library Totals

    ----------------------------------------------------------------------

==============================================================================


      Code (inc. data)   RO Data    RW Data    ZI Data      Debug   

      9984        706       2408        344       1368     504379   Grand Totals
      9984        706       2408        276       1368     504379   ELF Image Totals (compressed)
      9984        706       2408        276          0          0   ROM Totals

==============================================================================

    Total RO  Size (Code + RO Data)                12392 (  12.10kB)
    Total RW  Size (RW Data + ZI Data)              1712 (   1.67kB)
    Total ROM Size (Code + RO Data + RW Data)      12668 (  12.37kB)

==============================================================================

